Archive member included to satisfy reference by file (symbol)

C:/ST/STM32CubeIDE_1.13.0/STM32CubeIDE/plugins/com.st.stm32cube.ide.mcu.externaltools.gnu-tools-for-stm32.11.3.rel1.win32_1.1.0.202305231506/tools/bin/../lib/gcc/arm-none-eabi/11.3.1/../../../../arm-none-eabi/lib/thumb/v7e-m+fp/hard\libc_nano.a(libc_a-exit.o)
                              C:/ST/STM32CubeIDE_1.13.0/STM32CubeIDE/plugins/com.st.stm32cube.ide.mcu.externaltools.gnu-tools-for-stm32.11.3.rel1.win32_1.1.0.202305231506/tools/bin/../lib/gcc/arm-none-eabi/11.3.1/../../../../arm-none-eabi/lib/thumb/v7e-m+fp/hard/crt0.o (exit)
C:/ST/STM32CubeIDE_1.13.0/STM32CubeIDE/plugins/com.st.stm32cube.ide.mcu.externaltools.gnu-tools-for-stm32.11.3.rel1.win32_1.1.0.202305231506/tools/bin/../lib/gcc/arm-none-eabi/11.3.1/../../../../arm-none-eabi/lib/thumb/v7e-m+fp/hard\libc_nano.a(libc_a-findfp.o)
                              C:/ST/STM32CubeIDE_1.13.0/STM32CubeIDE/plugins/com.st.stm32cube.ide.mcu.externaltools.gnu-tools-for-stm32.11.3.rel1.win32_1.1.0.202305231506/tools/bin/../lib/gcc/arm-none-eabi/11.3.1/../../../../arm-none-eabi/lib/thumb/v7e-m+fp/hard\libc_nano.a(libc_a-exit.o) (__stdio_exit_handler)
C:/ST/STM32CubeIDE_1.13.0/STM32CubeIDE/plugins/com.st.stm32cube.ide.mcu.externaltools.gnu-tools-for-stm32.11.3.rel1.win32_1.1.0.202305231506/tools/bin/../lib/gcc/arm-none-eabi/11.3.1/../../../../arm-none-eabi/lib/thumb/v7e-m+fp/hard\libc_nano.a(libc_a-fwalk.o)
                              C:/ST/STM32CubeIDE_1.13.0/STM32CubeIDE/plugins/com.st.stm32cube.ide.mcu.externaltools.gnu-tools-for-stm32.11.3.rel1.win32_1.1.0.202305231506/tools/bin/../lib/gcc/arm-none-eabi/11.3.1/../../../../arm-none-eabi/lib/thumb/v7e-m+fp/hard\libc_nano.a(libc_a-findfp.o) (_fwalk_sglue)
C:/ST/STM32CubeIDE_1.13.0/STM32CubeIDE/plugins/com.st.stm32cube.ide.mcu.externaltools.gnu-tools-for-stm32.11.3.rel1.win32_1.1.0.202305231506/tools/bin/../lib/gcc/arm-none-eabi/11.3.1/../../../../arm-none-eabi/lib/thumb/v7e-m+fp/hard\libc_nano.a(libc_a-printf.o)
                              ./Core/Src/icm20948.o (printf)
C:/ST/STM32CubeIDE_1.13.0/STM32CubeIDE/plugins/com.st.stm32cube.ide.mcu.externaltools.gnu-tools-for-stm32.11.3.rel1.win32_1.1.0.202305231506/tools/bin/../lib/gcc/arm-none-eabi/11.3.1/../../../../arm-none-eabi/lib/thumb/v7e-m+fp/hard\libc_nano.a(libc_a-puts.o)
                              ./Core/Src/icm20948.o (puts)
C:/ST/STM32CubeIDE_1.13.0/STM32CubeIDE/plugins/com.st.stm32cube.ide.mcu.externaltools.gnu-tools-for-stm32.11.3.rel1.win32_1.1.0.202305231506/tools/bin/../lib/gcc/arm-none-eabi/11.3.1/../../../../arm-none-eabi/lib/thumb/v7e-m+fp/hard\libc_nano.a(libc_a-stdio.o)
                              C:/ST/STM32CubeIDE_1.13.0/STM32CubeIDE/plugins/com.st.stm32cube.ide.mcu.externaltools.gnu-tools-for-stm32.11.3.rel1.win32_1.1.0.202305231506/tools/bin/../lib/gcc/arm-none-eabi/11.3.1/../../../../arm-none-eabi/lib/thumb/v7e-m+fp/hard\libc_nano.a(libc_a-findfp.o) (__sread)
C:/ST/STM32CubeIDE_1.13.0/STM32CubeIDE/plugins/com.st.stm32cube.ide.mcu.externaltools.gnu-tools-for-stm32.11.3.rel1.win32_1.1.0.202305231506/tools/bin/../lib/gcc/arm-none-eabi/11.3.1/../../../../arm-none-eabi/lib/thumb/v7e-m+fp/hard\libc_nano.a(libc_a-wbuf.o)
                              C:/ST/STM32CubeIDE_1.13.0/STM32CubeIDE/plugins/com.st.stm32cube.ide.mcu.externaltools.gnu-tools-for-stm32.11.3.rel1.win32_1.1.0.202305231506/tools/bin/../lib/gcc/arm-none-eabi/11.3.1/../../../../arm-none-eabi/lib/thumb/v7e-m+fp/hard\libc_nano.a(libc_a-puts.o) (__swbuf_r)
C:/ST/STM32CubeIDE_1.13.0/STM32CubeIDE/plugins/com.st.stm32cube.ide.mcu.externaltools.gnu-tools-for-stm32.11.3.rel1.win32_1.1.0.202305231506/tools/bin/../lib/gcc/arm-none-eabi/11.3.1/../../../../arm-none-eabi/lib/thumb/v7e-m+fp/hard\libc_nano.a(libc_a-wsetup.o)
                              C:/ST/STM32CubeIDE_1.13.0/STM32CubeIDE/plugins/com.st.stm32cube.ide.mcu.externaltools.gnu-tools-for-stm32.11.3.rel1.win32_1.1.0.202305231506/tools/bin/../lib/gcc/arm-none-eabi/11.3.1/../../../../arm-none-eabi/lib/thumb/v7e-m+fp/hard\libc_nano.a(libc_a-puts.o) (__swsetup_r)
C:/ST/STM32CubeIDE_1.13.0/STM32CubeIDE/plugins/com.st.stm32cube.ide.mcu.externaltools.gnu-tools-for-stm32.11.3.rel1.win32_1.1.0.202305231506/tools/bin/../lib/gcc/arm-none-eabi/11.3.1/../../../../arm-none-eabi/lib/thumb/v7e-m+fp/hard\libc_nano.a(libc_a-memset.o)
                              C:/ST/STM32CubeIDE_1.13.0/STM32CubeIDE/plugins/com.st.stm32cube.ide.mcu.externaltools.gnu-tools-for-stm32.11.3.rel1.win32_1.1.0.202305231506/tools/bin/../lib/gcc/arm-none-eabi/11.3.1/../../../../arm-none-eabi/lib/thumb/v7e-m+fp/hard/crt0.o (memset)
C:/ST/STM32CubeIDE_1.13.0/STM32CubeIDE/plugins/com.st.stm32cube.ide.mcu.externaltools.gnu-tools-for-stm32.11.3.rel1.win32_1.1.0.202305231506/tools/bin/../lib/gcc/arm-none-eabi/11.3.1/../../../../arm-none-eabi/lib/thumb/v7e-m+fp/hard\libc_nano.a(libc_a-closer.o)
[...]
Memory Configuration

Name             Origin             Length             Attributes
RAM              0x0000000020000000 0x000000000000a000 xrw
RAM2             0x0000000010000000 0x0000000000002000 xrw
FLASH            0x0000000008000000 0x0000000000020000 xr
*default*        0x0000000000000000 0xffffffffffffffff

Linker script and memory map

LOAD C:/ST/STM32CubeIDE_1.13.0/STM32CubeIDE/plugins/com.st.stm32cube.ide.mcu.externaltools.gnu-tools-for-stm32.11.3.rel1.win32_1.1.0.202305231506/tools/bin/../lib/gcc/arm-none-eabi/11.3.1/thumb/v7e-m+fp/hard/crti.o
LOAD C:/ST/STM32CubeIDE_1.13.0/STM32CubeIDE/plugins/com.st.stm32cube.ide.mcu.externaltools.gnu-tools-for-stm32.11.3.rel1.win32_1.1.0.202305231506/tools/bin/../lib/gcc/arm-none-eabi/11.3.1/thumb/v7e-m+fp/hard/crtbegin.o
LOAD C:/ST/STM32CubeIDE_1.13.0/STM32CubeIDE/plugins/com.st.stm32cube.ide.mcu.externaltools.gnu-tools-for-stm32.11.3.rel1.win32_1.1.0.202305231506/tools/bin/../lib/gcc/arm-none-eabi/11.3.1/../../../../arm-none-eabi/lib/thumb/v7e-m+fp/hard/crt0.o
LOAD ./Core/Src/gpio.o
LOAD ./Core/Src/i2c.o
LOAD ./Core/Src/icm20948.o
LOAD ./Core/Src/main.o
LOAD ./Core/Src/spi.o
LOAD ./Core/Src/stm32l4xx_hal_msp.o
LOAD ./Core/Src/stm32l4xx_it.o
LOAD ./Core/Src/syscalls.o
LOAD ./Core/Src/sysmem.o
LOAD ./Core/Src/system_stm32l4xx.o
LOAD ./Core/Startup/startup_stm32l412rbtxp.o
LOAD ./Drivers/STM32L4xx_HAL_Driver/Src/stm32l4xx_hal.o
LOAD ./Drivers/STM32L4xx_HAL_Driver/Src/stm32l4xx_hal_cortex.o
LOAD ./Drivers/STM32L4xx_HAL_Driver/Src/stm32l4xx_hal_dma.o
LOAD ./Drivers/STM32L4xx_HAL_Driver/Src/stm32l4xx_hal_dma_ex.o
LOAD ./Drivers/STM32L4xx_HAL_Driver/Src/stm32l4xx_hal_exti.o
LOAD ./Drivers/STM32L4xx_HAL_Driver/Src/stm32l4xx_hal_flash.o
LOAD ./Drivers/STM32L4xx_HAL_Driver/Src/stm32l4xx_hal_flash_ex.o
LOAD ./Drivers/STM32L4xx_HAL_Driver/Src/stm32l4xx_hal_flash_ramfunc.o
LOAD ./Drivers/STM32L4xx_HAL_Driver/Src/stm32l4xx_hal_gpio.o
LOAD ./Drivers/STM32L4xx_HAL_Driver/Src/stm32l4xx_hal_i2c.o
LOAD ./Drivers/STM32L4xx_HAL_Driver/Src/stm32l4xx_hal_i2c_ex.o
LOAD ./Drivers/STM32L4xx_HAL_Driver/Src/stm32l4xx_hal_pcd.o
LOAD ./Drivers/STM32L4xx_HAL_Driver/Src/stm32l4xx_hal_pcd_ex.o
LOAD ./Drivers/STM32L4xx_HAL_Driver/Src/stm32l4xx_hal_pwr.o
LOAD ./Drivers/STM32L4xx_HAL_Driver/Src/stm32l4xx_hal_pwr_ex.o
LOAD ./Drivers/STM32L4xx_HAL_Driver/Src/stm32l4xx_hal_rcc.o
LOAD ./Drivers/STM32L4xx_HAL_Driver/Src/stm32l4xx_hal_rcc_ex.o
LOAD ./Drivers/STM32L4xx_HAL_Driver/Src/stm32l4xx_hal_spi.o
LOAD ./Drivers/STM32L4xx_HAL_Driver/Src/stm32l4xx_hal_spi_ex.o
LOAD ./Drivers/STM32L4xx_HAL_Driver/Src/stm32l4xx_hal_tim.o
LOAD ./Drivers/STM32L4xx_HAL_Driver/Src/stm32l4xx_hal_tim_ex.o
LOAD ./Drivers/STM32L4xx_HAL_Driver/Src/stm32l4xx_ll_usb.o
LOAD ./Middlewares/ST/STM32_USB_Device_Library/Class/CDC/Src/usbd_cdc.o
LOAD ./Middlewares/ST/STM32_USB_Device_Library/Core/Src/usbd_core.o
LOAD ./Middlewares/ST/STM32_USB_Device_Library/Core/Src/usbd_ctlreq.o
LOAD ./Middlewares/ST/STM32_USB_Device_Library/Core/Src/usbd_ioreq.o
LOAD ./USB_DEVICE/App/usb_device.o
LOAD ./USB_DEVICE/App/usbd_cdc_if.o
LOAD ./USB_DEVICE/App/usbd_desc.o
LOAD ./USB_DEVICE/Target/usbd_conf.o
START GROUP
LOAD C:/ST/STM32CubeIDE_1.13.0/STM32CubeIDE/plugins/com.st.stm32cube.ide.mcu.externaltools.gnu-tools-for-stm32.11.3.rel1.win32_1.1.0.202305231506/tools/bin/../lib/gcc/arm-none-eabi/11.3.1/../../../../arm-none-eabi/lib/thumb/v7e-m+fp/hard\libc_nano.a
LOAD C:/ST/STM32CubeIDE_1.13.0/STM32CubeIDE/plugins/com.st.stm32cube.ide.mcu.externaltools.gnu-tools-for-stm32.11.3.rel1.win32_1.1.0.202305231506/tools/bin/../lib/gcc/arm-none-eabi/11.3.1/../../../../arm-none-eabi/lib/thumb/v7e-m+fp/hard\libm.a
END GROUP
START GROUP
LOAD C:/ST/STM32CubeIDE_1.13.0/STM32CubeIDE/plugins/com.st.stm32cube.ide.mcu.externaltools.gnu-tools-for-stm32.11.3.rel1.win32_1.1.0.202305231506/tools/bin/../lib/gcc/arm-none-eabi/11.3.1/thumb/v7e-m+fp/hard\libgcc.a
LOAD C:/ST/STM32CubeIDE_1.13.0/STM32CubeIDE/plugins/com.st.stm32cube.ide.mcu.externaltools.gnu-tools-for-stm32.11.3.rel1.win32_1.1.0.202305231506/tools/bin/../lib/gcc/arm-none-eabi/11.3.1/../../../../arm-none-eabi/lib/thumb/v7e-m+fp/hard\libc_nano.a
END GROUP
START GROUP
LOAD C:/ST/STM32CubeIDE_1.13.0/STM32CubeIDE/plugins/com.st.stm32cube.ide.mcu.externaltools.gnu-tools-for-stm32.11.3.rel1.win32_1.1.0.202305231506/tools/bin/../lib/gcc/arm-none-eabi/11.3.1/thumb/v7e-m+fp/hard\libgcc.a
LOAD C:/ST/STM32CubeIDE_1.13.0/STM32CubeIDE/plugins/com.st.stm32cube.ide.mcu.externaltools.gnu-tools-for-stm32.11.3.rel1.win32_1.1.0.202305231506/tools/bin/../lib/gcc/arm-none-eabi/11.3.1/../../../../arm-none-eabi/lib/thumb/v7e-m+fp/hard\libc_nano.a
LOAD C:/ST/STM32CubeIDE_1.13.0/STM32CubeIDE/plugins/com.st.stm32cube.ide.mcu.externaltools.gnu-tools-for-stm32.11.3.rel1.win32_1.1.0.202305231506/tools/bin/../lib/gcc/arm-none-eabi/11.3.1/../../../../arm-none-eabi/lib/thumb/v7e-m+fp/hard\libnosys.a
END GROUP
START GROUP
LOAD C:/ST/STM32CubeIDE_1.13.0/STM32CubeIDE/plugins/com.st.stm32cube.ide.mcu.externaltools.gnu-tools-for-stm32.11.3.rel1.win32_1.1.0.202305231506/tools/bin/../lib/gcc/arm-none-eabi/11.3.1/thumb/v7e-m+fp/hard\libgcc.a
LOAD C:/ST/STM32CubeIDE_1.13.0/STM32CubeIDE/plugins/com.st.stm32cube.ide.mcu.externaltools.gnu-tools-for-stm32.11.3.rel1.win32_1.1.0.202305231506/tools/bin/../lib/gcc/arm-none-eabi/11.3.1/../../../../arm-none-eabi/lib/thumb/v7e-m+fp/hard\libc_nano.a
LOAD C:/ST/STM32CubeIDE_1.13.0/STM32CubeIDE/plugins/com.st.stm32cube.ide.mcu.externaltools.gnu-tools-for-stm32.11.3.rel1.win32_1.1.0.202305231506/tools/bin/../lib/gcc/arm-none-eabi/11.3.1/../../../../arm-none-eabi/lib/thumb/v7e-m+fp/hard\libnosys.a
END GROUP
LOAD C:/ST/STM32CubeIDE_1.13.0/STM32CubeIDE/plugins/com.st.stm32cube.ide.mcu.externaltools.gnu-tools-for-stm32.11.3.rel1.win32_1.1.0.202305231506/tools/bin/../lib/gcc/arm-none-eabi/11.3.1/thumb/v7e-m+fp/hard/crtend.o
LOAD C:/ST/STM32CubeIDE_1.13.0/STM32CubeIDE/plugins/com.st.stm32cube.ide.mcu.externaltools.gnu-tools-for-stm32.11.3.rel1.win32_1.1.0.202305231506/tools/bin/../lib/gcc/arm-none-eabi/11.3.1/thumb/v7e-m+fp/hard/crtn.o
                0x000000002000a000                _estack = (ORIGIN (RAM) + LENGTH (RAM))
                0x0000000000000200                _Min_Heap_Size = 0x200
                0x0000000000000400                _Min_Stack_Size = 0x400

.isr_vector     0x0000000008000000      0x18c
                0x0000000008000000                . = ALIGN (0x4)
 *(.isr_vector)
 .isr_vector    0x0000000008000000      0x18c ./Core/Startup/startup_stm32l412rbtxp.o
                0x0000000008000000                g_pfnVectors
                0x000000000800018c                . = ALIGN (0x4)

.text           0x0000000008000190     0x5d74
                0x0000000008000190                . = ALIGN (0x4)
 *(.text)
 .text          0x0000000008000190       0x40 C:/ST/STM32CubeIDE_1.13.0/STM32CubeIDE/plugins/com.st.stm32cube.ide.mcu.externaltools.gnu-tools-for-stm32.11.3.rel1.win32_1.1.0.202305231506/tools/bin/../lib/gcc/arm-none-eabi/11.3.1/thumb/v7e-m+fp/hard/crtbegin.o
 .text          0x00000000080001d0       0x10 C:/ST/STM32CubeIDE_1.13.0/STM32CubeIDE/plugins/com.st.stm32cube.ide.mcu.externaltools.gnu-tools-for-stm32.11.3.rel1.win32_1.1.0.202305231506/tools/bin/../lib/gcc/arm-none-eabi/11.3.1/../../../../arm-none-eabi/lib/thumb/v7e-m+fp/hard\libc_nano.a(libc_a-strlen.o)
                0x00000000080001d0                strlen
 .text          0x00000000080001e0       0xa0 C:/ST/STM32CubeIDE_1.13.0/STM32CubeIDE/plugins/com.st.stm32cube.ide.mcu.externaltools.gnu-tools-for-stm32.11.3.rel1.win32_1.1.0.202305231506/tools/bin/../lib/gcc/arm-none-eabi/11.3.1/../../../../arm-none-eabi/lib/thumb/v7e-m+fp/hard\libc_nano.a(libc_a-memchr.o)
                0x00000000080001e0                memchr
 *(.text*)
 .text.MX_GPIO_Init
                0x0000000008000280       0x9c ./Core/Src/gpio.o
                0x0000000008000280                MX_GPIO_Init
 .text.MX_I2C1_Init
                0x000000000800031c       0x58 ./Core/Src/i2c.o
                0x000000000800031c                MX_I2C1_Init
 .text.HAL_I2C_MspInit
                0x0000000008000374       0x84 ./Core/Src/i2c.o
                0x0000000008000374                HAL_I2C_MspInit
 .text.cs_low   0x00000000080003f8        0xc ./Core/Src/icm20948.o
 .text.cs_high  0x0000000008000404        0xc ./Core/Src/icm20948.o
 .text.select_user_bank
                0x0000000008000410       0x2c ./Core/Src/icm20948.o
 .text.read_multiple_icm20948_reg
                0x000000000800043c       0x48 ./Core/Src/icm20948.o
 .text.write_single_icm20948_reg
                0x0000000008000484       0x30 ./Core/Src/icm20948.o
 .text.read_single_icm20948_reg
                0x00000000080004b4       0x44 ./Core/Src/icm20948.o
 .text.write_multiple_icm20948_reg
                0x00000000080004f8       0x40 ./Core/Src/icm20948.o
 .text.read_single_ak09916_reg
                0x0000000008000538       0x3a ./Core/Src/icm20948.o
 .text.write_single_ak09916_reg
                0x0000000008000572       0x3e ./Core/Src/icm20948.o
 .text.icm20948_gyro_read
                0x00000000080005b0       0x40 ./Core/Src/icm20948.o
                0x00000000080005b0                icm20948_gyro_read
 .text.icm20948_accel_read
                0x00000000080005f0       0x50 ./Core/Src/icm20948.o
                0x00000000080005f0                icm20948_accel_read
 .text.icm20948_who_am_i
                0x0000000008000640       0x38 ./Core/Src/icm20948.o
                0x0000000008000640                icm20948_who_am_i
 .text.ak09916_who_am_i
                0x0000000008000678       0x38 ./Core/Src/icm20948.o
                0x0000000008000678                ak09916_who_am_i
 .text.icm20948_device_reset
                0x00000000080006b0       0x16 ./Core/Src/icm20948.o
                0x00000000080006b0                icm20948_device_reset
 .text.ak09916_lp_config
                0x00000000080006c6       0x26 ./Core/Src/icm20948.o
                0x00000000080006c6                ak09916_lp_config
 .text.ak09916_soft_reset
                0x00000000080006ec       0x14 ./Core/Src/icm20948.o
                0x00000000080006ec                ak09916_soft_reset
 .text.icm20948_wakeup
                0x0000000008000700       0x20 ./Core/Src/icm20948.o
                0x0000000008000700                icm20948_wakeup
 .text.icm20948_spi_slave_enable
                0x0000000008000720       0x1c ./Core/Src/icm20948.o
                0x0000000008000720                icm20948_spi_slave_enable
 .text.icm20948_i2c_master_reset
                0x000000000800073c       0x1c ./Core/Src/icm20948.o
                0x000000000800073c                icm20948_i2c_master_reset
 .text.icm20948_i2c_master_enable
                0x0000000008000758       0x22 ./Core/Src/icm20948.o
                0x0000000008000758                icm20948_i2c_master_enable
 .text.icm20948_i2c_master_clk_frq
                0x000000000800077a       0x1c ./Core/Src/icm20948.o
                0x000000000800077a                icm20948_i2c_master_clk_frq
 .text.icm20948_clock_source
                0x0000000008000796       0x1c ./Core/Src/icm20948.o
                0x0000000008000796                icm20948_clock_source
 .text.icm20948_odr_align_enable
                0x00000000080007b2        0xa ./Core/Src/icm20948.o
                0x00000000080007b2                icm20948_odr_align_enable
 .text.icm20948_gyro_low_pass_filter
                0x00000000080007bc       0x1e ./Core/Src/icm20948.o
                0x00000000080007bc                icm20948_gyro_low_pass_filter
 .text.icm20948_accel_low_pass_filter
                0x00000000080007da       0x1e ./Core/Src/icm20948.o
                0x00000000080007da                icm20948_accel_low_pass_filter
 .text.icm20948_gyro_sample_rate_divider
                0x00000000080007f8        0xa ./Core/Src/icm20948.o
                0x00000000080007f8                icm20948_gyro_sample_rate_divider
 .text.icm20948_accel_sample_rate_divider
                0x0000000008000802       0x1e ./Core/Src/icm20948.o
                0x0000000008000802                icm20948_accel_sample_rate_divider
 .text.ak09916_operation_mode_setting
                0x0000000008000820       0x14 ./Core/Src/icm20948.o
                0x0000000008000820                ak09916_operation_mode_setting
 .text.ak09916_init
                0x0000000008000834       0x2a ./Core/Src/icm20948.o
                0x0000000008000834                ak09916_init
 .text.icm20948_gyro_calibration
                0x000000000800085e       0xba ./Core/Src/icm20948.o
                0x000000000800085e                icm20948_gyro_calibration
 .text.icm20948_accel_calibration
                0x0000000008000918      0x130 ./Core/Src/icm20948.o
                0x0000000008000918                icm20948_accel_calibration
 .text.icm20948_gyro_full_scale_select
                0x0000000008000a48       0x64 ./Core/Src/icm20948.o
                0x0000000008000a48                icm20948_gyro_full_scale_select
 .text.icm20948_accel_full_scale_select
                0x0000000008000aac       0x5c ./Core/Src/icm20948.o
                0x0000000008000aac                icm20948_accel_full_scale_select
 .text.icm20948_init
                0x0000000008000b08       0x50 ./Core/Src/icm20948.o
                0x0000000008000b08                icm20948_init
 .text.SystemClock_Config
                0x0000000008000b58       0x7c ./Core/Src/main.o
                0x0000000008000b58                SystemClock_Config
 .text.startup.main
                0x0000000008000bd4       0x94 ./Core/Src/main.o
                0x0000000008000bd4                main
 .text._write   0x0000000008000c68       0x30 ./Core/Src/main.o
                0x0000000008000c68                _write
 .text.Error_Handler
                0x0000000008000c98        0x4 ./Core/Src/main.o
                0x0000000008000c98                Error_Handler
 .text.MX_SPI1_Init
                0x0000000008000c9c       0x50 ./Core/Src/spi.o
                0x0000000008000c9c                MX_SPI1_Init
 .text.HAL_SPI_MspInit
                0x0000000008000cec       0x64 ./Core/Src/spi.o
                0x0000000008000cec                HAL_SPI_MspInit
 .text.HAL_MspInit
                0x0000000008000d50       0x30 ./Core/Src/stm32l4xx_hal_msp.o
                0x0000000008000d50                HAL_MspInit
 .text.NMI_Handler
                0x0000000008000d80        0x2 ./Core/Src/stm32l4xx_it.o
                0x0000000008000d80                NMI_Handler
 .text.HardFault_Handler
                0x0000000008000d82        0x2 ./Core/Src/stm32l4xx_it.o
                0x0000000008000d82                HardFault_Handler
 .text.MemManage_Handler
                0x0000000008000d84        0x2 ./Core/Src/stm32l4xx_it.o
                0x0000000008000d84                MemManage_Handler
 .text.BusFault_Handler
                0x0000000008000d86        0x2 ./Core/Src/stm32l4xx_it.o
                0x0000000008000d86                BusFault_Handler
 .text.UsageFault_Handler
                0x0000000008000d88        0x2 ./Core/Src/stm32l4xx_it.o
                0x0000000008000d88                UsageFault_Handler
 .text.SVC_Handler
                0x0000000008000d8a        0x2 ./Core/Src/stm32l4xx_it.o
                0x0000000008000d8a                SVC_Handler
 .text.DebugMon_Handler
                0x0000000008000d8c        0x2 ./Core/Src/stm32l4xx_it.o
                0x0000000008000d8c                DebugMon_Handler
 .text.PendSV_Handler
                0x0000000008000d8e        0x2 ./Core/Src/stm32l4xx_it.o
                0x0000000008000d8e                PendSV_Handler
 .text.SysTick_Handler
                0x0000000008000d90        0x4 ./Core/Src/stm32l4xx_it.o
                0x0000000008000d90                SysTick_Handler
 .text.USB_IRQHandler
                0x0000000008000d94        0xc ./Core/Src/stm32l4xx_it.o
                0x0000000008000d94                USB_IRQHandler
 .text._read    0x0000000008000da0       0x1c ./Core/Src/syscalls.o
                0x0000000008000da0                _read
 .text._close   0x0000000008000dbc        0x6 ./Core/Src/syscalls.o
                0x0000000008000dbc                _close
 .text._fstat   0x0000000008000dc2        0xa ./Core/Src/syscalls.o
                0x0000000008000dc2                _fstat
 .text._isatty  0x0000000008000dcc        0x4 ./Core/Src/syscalls.o
                0x0000000008000dcc                _isatty
 .text._lseek   0x0000000008000dd0        0x4 ./Core/Src/syscalls.o
                0x0000000008000dd0                _lseek
 .text._sbrk    0x0000000008000dd4       0x40 ./Core/Src/sysmem.o
                0x0000000008000dd4                _sbrk
 .text.SystemInit
                0x0000000008000e14       0x14 ./Core/Src/system_stm32l4xx.o
                0x0000000008000e14                SystemInit
 .text.Reset_Handler
                0x0000000008000e28       0x50 ./Core/Startup/startup_stm32l412rbtxp.o
                0x0000000008000e28                Reset_Handler
 .text.Default_Handler
                0x0000000008000e78        0x2 ./Core/Startup/startup_stm32l412rbtxp.o
                0x0000000008000e78                RTC_Alarm_IRQHandler
                0x0000000008000e78                EXTI2_IRQHandler
                0x0000000008000e78                TIM1_CC_IRQHandler
                0x0000000008000e78                TSC_IRQHandler
                0x0000000008000e78                TIM6_IRQHandler
                0x0000000008000e78                TAMP_STAMP_IRQHandler
                0x0000000008000e78                EXTI3_IRQHandler
                0x0000000008000e78                LPTIM2_IRQHandler
                0x0000000008000e78                I2C3_ER_IRQHandler
                0x0000000008000e78                EXTI0_IRQHandler
                0x0000000008000e78                I2C2_EV_IRQHandler
                0x0000000008000e78                FPU_IRQHandler
                0x0000000008000e78                TIM1_UP_TIM16_IRQHandler
                0x0000000008000e78                ADC1_2_IRQHandler
                0x0000000008000e78                SPI1_IRQHandler
                0x0000000008000e78                DMA2_Channel2_IRQHandler
                0x0000000008000e78                DMA1_Channel4_IRQHandler
                0x0000000008000e78                USART3_IRQHandler
                0x0000000008000e78                DMA1_Channel7_IRQHandler
                0x0000000008000e78                DMA2_Channel1_IRQHandler
                0x0000000008000e78                QUADSPI_IRQHandler
                0x0000000008000e78                I2C1_EV_IRQHandler
                0x0000000008000e78                DMA1_Channel6_IRQHandler
                0x0000000008000e78                DMA2_Channel4_IRQHandler
                0x0000000008000e78                RCC_IRQHandler
                0x0000000008000e78                TIM1_TRG_COM_IRQHandler
                0x0000000008000e78                DMA1_Channel1_IRQHandler
                0x0000000008000e78                Default_Handler
                0x0000000008000e78                DMA2_Channel7_IRQHandler
                0x0000000008000e78                EXTI15_10_IRQHandler
                0x0000000008000e78                I2C3_EV_IRQHandler
                0x0000000008000e78                EXTI9_5_IRQHandler
                0x0000000008000e78                RTC_WKUP_IRQHandler
                0x0000000008000e78                PVD_PVM_IRQHandler
                0x0000000008000e78                SPI2_IRQHandler
                0x0000000008000e78                DMA2_Channel5_IRQHandler
                0x0000000008000e78                CRS_IRQHandler
                0x0000000008000e78                DMA1_Channel5_IRQHandler
                0x0000000008000e78                EXTI4_IRQHandler
                0x0000000008000e78                RNG_IRQHandler
                0x0000000008000e78                DMA1_Channel3_IRQHandler
                0x0000000008000e78                COMP_IRQHandler
                0x0000000008000e78                WWDG_IRQHandler
                0x0000000008000e78                LPUART1_IRQHandler
                0x0000000008000e78                DMA2_Channel6_IRQHandler
                0x0000000008000e78                TIM2_IRQHandler
                0x0000000008000e78                EXTI1_IRQHandler
                0x0000000008000e78                USART2_IRQHandler
                0x0000000008000e78                I2C2_ER_IRQHandler
                0x0000000008000e78                DMA1_Channel2_IRQHandler
                0x0000000008000e78                FLASH_IRQHandler
                0x0000000008000e78                USART1_IRQHandler
                0x0000000008000e78                I2C1_ER_IRQHandler
                0x0000000008000e78                LPTIM1_IRQHandler
                0x0000000008000e78                DMA2_Channel3_IRQHandler
                0x0000000008000e78                TIM1_BRK_TIM15_IRQHandler
 *fill*         0x0000000008000e7a        0x2 
 .text.HAL_InitTick
                0x0000000008000e7c       0x4c ./Drivers/STM32L4xx_HAL_Driver/Src/stm32l4xx_hal.o
                0x0000000008000e7c                HAL_InitTick
 .text.HAL_Init
                0x0000000008000ec8       0x1e ./Drivers/STM32L4xx_HAL_Driver/Src/stm32l4xx_hal.o
                0x0000000008000ec8                HAL_Init
 *fill*         0x0000000008000ee6        0x2 
 .text.HAL_IncTick
                0x0000000008000ee8       0x18 ./Drivers/STM32L4xx_HAL_Driver/Src/stm32l4xx_hal.o
                0x0000000008000ee8                HAL_IncTick
 .text.HAL_GetTick
                0x0000000008000f00        0xc ./Drivers/STM32L4xx_HAL_Driver/Src/stm32l4xx_hal.o
                0x0000000008000f00                HAL_GetTick
 .text.HAL_Delay
                0x0000000008000f0c       0x28 ./Drivers/STM32L4xx_HAL_Driver/Src/stm32l4xx_hal.o
                0x0000000008000f0c                HAL_Delay
 .text.HAL_NVIC_SetPriorityGrouping
                0x0000000008000f34       0x24 ./Drivers/STM32L4xx_HAL_Driver/Src/stm32l4xx_hal_cortex.o
                0x0000000008000f34                HAL_NVIC_SetPriorityGrouping
 .text.HAL_NVIC_SetPriority
                0x0000000008000f58       0x64 ./Drivers/STM32L4xx_HAL_Driver/Src/stm32l4xx_hal_cortex.o
                0x0000000008000f58                HAL_NVIC_SetPriority
 .text.HAL_NVIC_EnableIRQ
                0x0000000008000fbc       0x1c ./Drivers/STM32L4xx_HAL_Driver/Src/stm32l4xx_hal_cortex.o
                0x0000000008000fbc                HAL_NVIC_EnableIRQ
 .text.HAL_SYSTICK_Config
                0x0000000008000fd8       0x28 ./Drivers/STM32L4xx_HAL_Driver/Src/stm32l4xx_hal_cortex.o
                0x0000000008000fd8                HAL_SYSTICK_Config
 .text.HAL_GPIO_Init
                0x0000000008001000      0x17c ./Drivers/STM32L4xx_HAL_Driver/Src/stm32l4xx_hal_gpio.o
                0x0000000008001000                HAL_GPIO_Init
 .text.HAL_GPIO_WritePin
                0x000000000800117c        0xa ./Drivers/STM32L4xx_HAL_Driver/Src/stm32l4xx_hal_gpio.o
                0x000000000800117c                HAL_GPIO_WritePin
 .text.HAL_GPIO_TogglePin
                0x0000000008001186       0x12 ./Drivers/STM32L4xx_HAL_Driver/Src/stm32l4xx_hal_gpio.o
                0x0000000008001186                HAL_GPIO_TogglePin
 .text.HAL_I2C_Init
                0x0000000008001198       0xaa ./Drivers/STM32L4xx_HAL_Driver/Src/stm32l4xx_hal_i2c.o
                0x0000000008001198                HAL_I2C_Init
 .text.HAL_I2CEx_ConfigAnalogFilter
                0x0000000008001242       0x4c ./Drivers/STM32L4xx_HAL_Driver/Src/stm32l4xx_hal_i2c_ex.o
                0x0000000008001242                HAL_I2CEx_ConfigAnalogFilter
 .text.HAL_I2CEx_ConfigDigitalFilter
                0x000000000800128e       0x4a ./Drivers/STM32L4xx_HAL_Driver/Src/stm32l4xx_hal_i2c_ex.o
                0x000000000800128e                HAL_I2CEx_ConfigDigitalFilter
 .text.HAL_PCD_Init
                0x00000000080012d8       0xfc ./Drivers/STM32L4xx_HAL_Driver/Src/stm32l4xx_hal_pcd.o
                0x00000000080012d8                HAL_PCD_Init
 .text.HAL_PCD_Start
                0x00000000080013d4       0x2a ./Drivers/STM32L4xx_HAL_Driver/Src/stm32l4xx_hal_pcd.o
                0x00000000080013d4                HAL_PCD_Start
 .text.HAL_PCD_SetAddress
                0x00000000080013fe       0x28 ./Drivers/STM32L4xx_HAL_Driver/Src/stm32l4xx_hal_pcd.o
                0x00000000080013fe                HAL_PCD_SetAddress
 *fill*         0x0000000008001426        0x2 
 .text.HAL_PCD_IRQHandler
                0x0000000008001428      0x9f4 ./Drivers/STM32L4xx_HAL_Driver/Src/stm32l4xx_hal_pcd.o
                0x0000000008001428                HAL_PCD_IRQHandler
 .text.HAL_PCD_EP_Open
                0x0000000008001e1c       0x5e ./Drivers/STM32L4xx_HAL_Driver/Src/stm32l4xx_hal_pcd.o
                0x0000000008001e1c                HAL_PCD_EP_Open
 .text.HAL_PCD_EP_Close
                0x0000000008001e7a       0x52 ./Drivers/STM32L4xx_HAL_Driver/Src/stm32l4xx_hal_pcd.o
                0x0000000008001e7a                HAL_PCD_EP_Close
 .text.HAL_PCD_EP_Receive
                0x0000000008001ecc       0x2c ./Drivers/STM32L4xx_HAL_Driver/Src/stm32l4xx_hal_pcd.o
                0x0000000008001ecc                HAL_PCD_EP_Receive
 .text.HAL_PCD_EP_GetRxCount
                0x0000000008001ef8       0x10 ./Drivers/STM32L4xx_HAL_Driver/Src/stm32l4xx_hal_pcd.o
                0x0000000008001ef8                HAL_PCD_EP_GetRxCount
 .text.HAL_PCD_EP_Transmit
                0x0000000008001f08       0x3c ./Drivers/STM32L4xx_HAL_Driver/Src/stm32l4xx_hal_pcd.o
                0x0000000008001f08                HAL_PCD_EP_Transmit
 .text.HAL_PCD_EP_SetStall
                0x0000000008001f44       0x6c ./Drivers/STM32L4xx_HAL_Driver/Src/stm32l4xx_hal_pcd.o
                0x0000000008001f44                HAL_PCD_EP_SetStall
 .text.HAL_PCD_EP_ClrStall
                0x0000000008001fb0       0x64 ./Drivers/STM32L4xx_HAL_Driver/Src/stm32l4xx_hal_pcd.o
                0x0000000008001fb0                HAL_PCD_EP_ClrStall
 .text.HAL_PCDEx_PMAConfig
                0x0000000008002014       0x34 ./Drivers/STM32L4xx_HAL_Driver/Src/stm32l4xx_hal_pcd_ex.o
                0x0000000008002014                HAL_PCDEx_PMAConfig
 .text.HAL_PCDEx_ActivateLPM
                0x0000000008002048       0x2e ./Drivers/STM32L4xx_HAL_Driver/Src/stm32l4xx_hal_pcd_ex.o
                0x0000000008002048                HAL_PCDEx_ActivateLPM
 *fill*         0x0000000008002076        0x2 
 .text.HAL_PWREx_GetVoltageRange
                0x0000000008002078       0x10 ./Drivers/STM32L4xx_HAL_Driver/Src/stm32l4xx_hal_pwr_ex.o
                0x0000000008002078                HAL_PWREx_GetVoltageRange
 .text.HAL_PWREx_ControlVoltageScaling
                0x0000000008002088       0x6c ./Drivers/STM32L4xx_HAL_Driver/Src/stm32l4xx_hal_pwr_ex.o
                0x0000000008002088                HAL_PWREx_ControlVoltageScaling
 .text.HAL_PWREx_EnableVddUSB
                0x00000000080020f4       0x10 ./Drivers/STM32L4xx_HAL_Driver/Src/stm32l4xx_hal_pwr_ex.o
                0x00000000080020f4                HAL_PWREx_EnableVddUSB
 .text.RCC_SetFlashLatencyFromMSIRange
                0x0000000008002104       0x84 ./Drivers/STM32L4xx_HAL_Driver/Src/stm32l4xx_hal_rcc.o
 .text.HAL_RCC_GetSysClockFreq
                0x0000000008002188       0x9c ./Drivers/STM32L4xx_HAL_Driver/Src/stm32l4xx_hal_rcc.o
                0x0000000008002188                HAL_RCC_GetSysClockFreq
 .text.HAL_RCC_OscConfig
                0x0000000008002224      0x5ac ./Drivers/STM32L4xx_HAL_Driver/Src/stm32l4xx_hal_rcc.o
                0x0000000008002224                HAL_RCC_OscConfig
 .text.HAL_RCC_ClockConfig
                0x00000000080027d0      0x154 ./Drivers/STM32L4xx_HAL_Driver/Src/stm32l4xx_hal_rcc.o
                0x00000000080027d0                HAL_RCC_ClockConfig
 .text.HAL_RCCEx_PeriphCLKConfig
                0x0000000008002924      0x1ec ./Drivers/STM32L4xx_HAL_Driver/Src/stm32l4xx_hal_rcc_ex.o
                0x0000000008002924                HAL_RCCEx_PeriphCLKConfig
 .text.SPI_WaitFifoStateUntilTimeout.constprop.0
                0x0000000008002b10       0xc8 ./Drivers/STM32L4xx_HAL_Driver/Src/stm32l4xx_hal_spi.o
 .text.SPI_WaitFlagStateUntilTimeout.constprop.0
                0x0000000008002bd8       0xa4 ./Drivers/STM32L4xx_HAL_Driver/Src/stm32l4xx_hal_spi.o
 .text.SPI_EndRxTransaction
                0x0000000008002c7c       0x72 ./Drivers/STM32L4xx_HAL_Driver/Src/stm32l4xx_hal_spi.o
 .text.SPI_EndRxTxTransaction
                0x0000000008002cee       0x4a ./Drivers/STM32L4xx_HAL_Driver/Src/stm32l4xx_hal_spi.o
 .text.HAL_SPI_Init
                0x0000000008002d38       0xd4 ./Drivers/STM32L4xx_HAL_Driver/Src/stm32l4xx_hal_spi.o
                0x0000000008002d38                HAL_SPI_Init
 .text.HAL_SPI_Transmit
                0x0000000008002e0c      0x194 ./Drivers/STM32L4xx_HAL_Driver/Src/stm32l4xx_hal_spi.o
                0x0000000008002e0c                HAL_SPI_Transmit
 .text.HAL_SPI_TransmitReceive
                0x0000000008002fa0      0x25c ./Drivers/STM32L4xx_HAL_Driver/Src/stm32l4xx_hal_spi.o
                0x0000000008002fa0                HAL_SPI_TransmitReceive
 .text.HAL_SPI_Receive
                0x00000000080031fc      0x16e ./Drivers/STM32L4xx_HAL_Driver/Src/stm32l4xx_hal_spi.o
                0x00000000080031fc                HAL_SPI_Receive
 .text.USB_CoreInit
                0x000000000800336a        0xe ./Drivers/STM32L4xx_HAL_Driver/Src/stm32l4xx_ll_usb.o
                0x000000000800336a                USB_CoreInit
 .text.USB_EnableGlobalInt
                0x0000000008003378       0x12 ./Drivers/STM32L4xx_HAL_Driver/Src/stm32l4xx_ll_usb.o
                0x0000000008003378                USB_EnableGlobalInt
 .text.USB_DisableGlobalInt
                0x000000000800338a       0x14 ./Drivers/STM32L4xx_HAL_Driver/Src/stm32l4xx_ll_usb.o
                0x000000000800338a                USB_DisableGlobalInt
 .text.USB_SetCurrentMode
                0x000000000800339e        0x4 ./Drivers/STM32L4xx_HAL_Driver/Src/stm32l4xx_ll_usb.o
                0x000000000800339e                USB_SetCurrentMode
 .text.USB_DevInit
                0x00000000080033a2       0x28 ./Drivers/STM32L4xx_HAL_Driver/Src/stm32l4xx_ll_usb.o
                0x00000000080033a2                USB_DevInit
 *fill*         0x00000000080033ca        0x2 
 .text.USB_ActivateEndpoint
                0x00000000080033cc      0x2c8 ./Drivers/STM32L4xx_HAL_Driver/Src/stm32l4xx_ll_usb.o
                0x00000000080033cc                USB_ActivateEndpoint
 .text.USB_DeactivateEndpoint
                0x0000000008003694      0x1a6 ./Drivers/STM32L4xx_HAL_Driver/Src/stm32l4xx_ll_usb.o
                0x0000000008003694                USB_DeactivateEndpoint
 .text.USB_EPSetStall
                0x000000000800383a       0x40 ./Drivers/STM32L4xx_HAL_Driver/Src/stm32l4xx_ll_usb.o
                0x000000000800383a                USB_EPSetStall
 .text.USB_EPClearStall
                0x000000000800387a       0x92 ./Drivers/STM32L4xx_HAL_Driver/Src/stm32l4xx_ll_usb.o
                0x000000000800387a                USB_EPClearStall
 .text.USB_SetDevAddress
                0x000000000800390c        0xc ./Drivers/STM32L4xx_HAL_Driver/Src/stm32l4xx_ll_usb.o
                0x000000000800390c                USB_SetDevAddress
 .text.USB_DevConnect
                0x0000000008003918       0x16 ./Drivers/STM32L4xx_HAL_Driver/Src/stm32l4xx_ll_usb.o
                0x0000000008003918                USB_DevConnect
 .text.USB_DevDisconnect
                0x000000000800392e       0x10 ./Drivers/STM32L4xx_HAL_Driver/Src/stm32l4xx_ll_usb.o
                0x000000000800392e                USB_DevDisconnect
 .text.USB_ReadInterrupts
                0x000000000800393e        0x8 ./Drivers/STM32L4xx_HAL_Driver/Src/stm32l4xx_ll_usb.o
                0x000000000800393e                USB_ReadInterrupts
 .text.USB_EP0_OutStart
                0x0000000008003946        0x4 ./Drivers/STM32L4xx_HAL_Driver/Src/stm32l4xx_ll_usb.o
                0x0000000008003946                USB_EP0_OutStart
 .text.USB_WritePMA
                0x000000000800394a       0x1e ./Drivers/STM32L4xx_HAL_Driver/Src/stm32l4xx_ll_usb.o
                0x000000000800394a                USB_WritePMA
 .text.USB_EPStartXfer
                0x0000000008003968      0x480 ./Drivers/STM32L4xx_HAL_Driver/Src/stm32l4xx_ll_usb.o
                0x0000000008003968                USB_EPStartXfer
 .text.USB_ReadPMA
                0x0000000008003de8       0x36 ./Drivers/STM32L4xx_HAL_Driver/Src/stm32l4xx_ll_usb.o
                0x0000000008003de8                USB_ReadPMA
 .text.USBD_CDC_EP0_RxReady
                0x0000000008003e1e       0x36 ./Middlewares/ST/STM32_USB_Device_Library/Class/CDC/Src/usbd_cdc.o
 .text.USBD_CDC_GetDeviceQualifierDescriptor
                0x0000000008003e54        0xc ./Middlewares/ST/STM32_USB_Device_Library/Class/CDC/Src/usbd_cdc.o
                0x0000000008003e54                USBD_CDC_GetDeviceQualifierDescriptor
 .text.USBD_CDC_GetFSCfgDesc
                0x0000000008003e60       0x48 ./Middlewares/ST/STM32_USB_Device_Library/Class/CDC/Src/usbd_cdc.o
 .text.USBD_CDC_GetOtherSpeedCfgDesc
                0x0000000008003ea8        0x4 ./Middlewares/ST/STM32_USB_Device_Library/Class/CDC/Src/usbd_cdc.o
 .text.USBD_CDC_GetHSCfgDesc
                0x0000000008003eac       0x48 ./Middlewares/ST/STM32_USB_Device_Library/Class/CDC/Src/usbd_cdc.o
 .text.USBD_CDC_DataOut
                0x0000000008003ef4       0x38 ./Middlewares/ST/STM32_USB_Device_Library/Class/CDC/Src/usbd_cdc.o
 .text.USBD_CDC_DataIn
                0x0000000008003f2c       0x68 ./Middlewares/ST/STM32_USB_Device_Library/Class/CDC/Src/usbd_cdc.o
 .text.USBD_CDC_Setup
                0x0000000008003f94      0x108 ./Middlewares/ST/STM32_USB_Device_Library/Class/CDC/Src/usbd_cdc.o
 .text.USBD_CDC_DeInit
                0x000000000800409c       0x5a ./Middlewares/ST/STM32_USB_Device_Library/Class/CDC/Src/usbd_cdc.o
 .text.USBD_CDC_Init
                0x00000000080040f6       0xd0 ./Middlewares/ST/STM32_USB_Device_Library/Class/CDC/Src/usbd_cdc.o
 .text.USBD_CDC_RegisterInterface
                0x00000000080041c6       0x16 ./Middlewares/ST/STM32_USB_Device_Library/Class/CDC/Src/usbd_cdc.o
                0x00000000080041c6                USBD_CDC_RegisterInterface
 .text.USBD_CDC_SetTxBuffer
                0x00000000080041dc       0x1c ./Middlewares/ST/STM32_USB_Device_Library/Class/CDC/Src/usbd_cdc.o
                0x00000000080041dc                USBD_CDC_SetTxBuffer
 .text.USBD_CDC_SetRxBuffer
                0x00000000080041f8       0x18 ./Middlewares/ST/STM32_USB_Device_Library/Class/CDC/Src/usbd_cdc.o
                0x00000000080041f8                USBD_CDC_SetRxBuffer
 .text.USBD_CDC_TransmitPacket
                0x0000000008004210       0x36 ./Middlewares/ST/STM32_USB_Device_Library/Class/CDC/Src/usbd_cdc.o
                0x0000000008004210                USBD_CDC_TransmitPacket
 .text.USBD_CDC_ReceivePacket
                0x0000000008004246       0x34 ./Middlewares/ST/STM32_USB_Device_Library/Class/CDC/Src/usbd_cdc.o
                0x0000000008004246                USBD_CDC_ReceivePacket
 .text.USBD_Init
                0x000000000800427a       0x26 ./Middlewares/ST/STM32_USB_Device_Library/Core/Src/usbd_core.o
                0x000000000800427a                USBD_Init
 .text.USBD_RegisterClass
                0x00000000080042a0       0x32 ./Middlewares/ST/STM32_USB_Device_Library/Core/Src/usbd_core.o
                0x00000000080042a0                USBD_RegisterClass
 .text.USBD_Start
                0x00000000080042d2        0x4 ./Middlewares/ST/STM32_USB_Device_Library/Core/Src/usbd_core.o
                0x00000000080042d2                USBD_Start
 .text.USBD_SetClassConfig
                0x00000000080042d6        0xe ./Middlewares/ST/STM32_USB_Device_Library/Core/Src/usbd_core.o
                0x00000000080042d6                USBD_SetClassConfig
 .text.USBD_ClrClassConfig
                0x00000000080042e4       0x12 ./Middlewares/ST/STM32_USB_Device_Library/Core/Src/usbd_core.o
                0x00000000080042e4                USBD_ClrClassConfig
 .text.USBD_LL_SetupStage
                0x00000000080042f6       0x60 ./Middlewares/ST/STM32_USB_Device_Library/Core/Src/usbd_core.o
                0x00000000080042f6                USBD_LL_SetupStage
 .text.USBD_LL_DataOutStage
                0x0000000008004356       0x6a ./Middlewares/ST/STM32_USB_Device_Library/Core/Src/usbd_core.o
                0x0000000008004356                USBD_LL_DataOutStage
 .text.USBD_LL_DataInStage
                0x00000000080043c0       0xae ./Middlewares/ST/STM32_USB_Device_Library/Core/Src/usbd_core.o
                0x00000000080043c0                USBD_LL_DataInStage
 .text.USBD_LL_Reset
                0x000000000800446e       0x5e ./Middlewares/ST/STM32_USB_Device_Library/Core/Src/usbd_core.o
                0x000000000800446e                USBD_LL_Reset
 .text.USBD_LL_SetSpeed
                0x00000000080044cc        0x6 ./Middlewares/ST/STM32_USB_Device_Library/Core/Src/usbd_core.o
                0x00000000080044cc                USBD_LL_SetSpeed
 .text.USBD_LL_Suspend
                0x00000000080044d2       0x1c ./Middlewares/ST/STM32_USB_Device_Library/Core/Src/usbd_core.o
                0x00000000080044d2                USBD_LL_Suspend
 .text.USBD_LL_Resume
                0x00000000080044ee       0x16 ./Middlewares/ST/STM32_USB_Device_Library/Core/Src/usbd_core.o
                0x00000000080044ee                USBD_LL_Resume
 .text.USBD_LL_SOF
                0x0000000008004504       0x1a ./Middlewares/ST/STM32_USB_Device_Library/Core/Src/usbd_core.o
                0x0000000008004504                USBD_LL_SOF
 .text.USBD_CoreFindIF
                0x000000000800451e        0x4 ./Middlewares/ST/STM32_USB_Device_Library/Core/Src/usbd_core.o
                0x000000000800451e                USBD_CoreFindIF
 .text.USBD_CoreFindEP
                0x0000000008004522        0x4 ./Middlewares/ST/STM32_USB_Device_Library/Core/Src/usbd_core.o
                0x0000000008004522                USBD_CoreFindEP
 .text.USBD_GetEpDesc
                0x0000000008004526       0x24 ./Middlewares/ST/STM32_USB_Device_Library/Core/Src/usbd_core.o
                0x0000000008004526                USBD_GetEpDesc
 .text.USBD_CtlError.constprop.0
                0x000000000800454a       0x16 ./Middlewares/ST/STM32_USB_Device_Library/Core/Src/usbd_ctlreq.o
 .text.USBD_StdDevReq
                0x0000000008004560      0x2b8 ./Middlewares/ST/STM32_USB_Device_Library/Core/Src/usbd_ctlreq.o
                0x0000000008004560                USBD_StdDevReq
 .text.USBD_StdItfReq
                0x0000000008004818       0x5e ./Middlewares/ST/STM32_USB_Device_Library/Core/Src/usbd_ctlreq.o
                0x0000000008004818                USBD_StdItfReq
 .text.USBD_StdEPReq
                0x0000000008004876      0x138 ./Middlewares/ST/STM32_USB_Device_Library/Core/Src/usbd_ctlreq.o
                0x0000000008004876                USBD_StdEPReq
 .text.USBD_ParseSetupRequest
                0x00000000080049ae       0x16 ./Middlewares/ST/STM32_USB_Device_Library/Core/Src/usbd_ctlreq.o
                0x00000000080049ae                USBD_ParseSetupRequest
 .text.USBD_CtlError
                0x00000000080049c4       0x16 ./Middlewares/ST/STM32_USB_Device_Library/Core/Src/usbd_ctlreq.o
                0x00000000080049c4                USBD_CtlError
 .text.USBD_GetString
                0x00000000080049da       0x38 ./Middlewares/ST/STM32_USB_Device_Library/Core/Src/usbd_ctlreq.o
                0x00000000080049da                USBD_GetString
 .text.USBD_CtlSendData
                0x0000000008004a12       0x1a ./Middlewares/ST/STM32_USB_Device_Library/Core/Src/usbd_ioreq.o
                0x0000000008004a12                USBD_CtlSendData
 .text.USBD_CtlContinueSendData
                0x0000000008004a2c       0x10 ./Middlewares/ST/STM32_USB_Device_Library/Core/Src/usbd_ioreq.o
                0x0000000008004a2c                USBD_CtlContinueSendData
 .text.USBD_CtlPrepareRx
                0x0000000008004a3c       0x1a ./Middlewares/ST/STM32_USB_Device_Library/Core/Src/usbd_ioreq.o
                0x0000000008004a3c                USBD_CtlPrepareRx
 .text.USBD_CtlContinueRx
                0x0000000008004a56       0x10 ./Middlewares/ST/STM32_USB_Device_Library/Core/Src/usbd_ioreq.o
                0x0000000008004a56                USBD_CtlContinueRx
 .text.USBD_CtlSendStatus
                0x0000000008004a66       0x16 ./Middlewares/ST/STM32_USB_Device_Library/Core/Src/usbd_ioreq.o
                0x0000000008004a66                USBD_CtlSendStatus
 .text.USBD_CtlReceiveStatus
                0x0000000008004a7c       0x16 ./Middlewares/ST/STM32_USB_Device_Library/Core/Src/usbd_ioreq.o
                0x0000000008004a7c                USBD_CtlReceiveStatus
 *fill*         0x0000000008004a92        0x2 
 .text.MX_USB_DEVICE_Init
                0x0000000008004a94       0x50 ./USB_DEVICE/App/usb_device.o
                0x0000000008004a94                MX_USB_DEVICE_Init
 .text.CDC_DeInit_FS
                0x0000000008004ae4        0x4 ./USB_DEVICE/App/usbd_cdc_if.o
 .text.CDC_TransmitCplt_FS
                0x0000000008004ae8        0x4 ./USB_DEVICE/App/usbd_cdc_if.o
 .text.CDC_Receive_FS
                0x0000000008004aec       0x30 ./USB_DEVICE/App/usbd_cdc_if.o
 .text.CDC_Init_FS
                0x0000000008004b1c       0x28 ./USB_DEVICE/App/usbd_cdc_if.o
 .text.CDC_Control_FS
                0x0000000008004b44       0x50 ./USB_DEVICE/App/usbd_cdc_if.o
 .text.CDC_Transmit_FS
                0x0000000008004b94       0x2c ./USB_DEVICE/App/usbd_cdc_if.o
                0x0000000008004b94                CDC_Transmit_FS
 .text.USBD_FS_DeviceDescriptor
                0x0000000008004bc0        0xc ./USB_DEVICE/App/usbd_desc.o
                0x0000000008004bc0                USBD_FS_DeviceDescriptor
 .text.USBD_FS_LangIDStrDescriptor
                0x0000000008004bcc        0xc ./USB_DEVICE/App/usbd_desc.o
                0x0000000008004bcc                USBD_FS_LangIDStrDescriptor
 .text.USBD_FS_USR_BOSDescriptor
                0x0000000008004bd8        0xc ./USB_DEVICE/App/usbd_desc.o
                0x0000000008004bd8                USBD_FS_USR_BOSDescriptor
 .text.IntToUnicode
                0x0000000008004be4       0x2a ./USB_DEVICE/App/usbd_desc.o
 *fill*         0x0000000008004c0e        0x2 
 .text.USBD_FS_SerialStrDescriptor
                0x0000000008004c10       0x3c ./USB_DEVICE/App/usbd_desc.o
                0x0000000008004c10                USBD_FS_SerialStrDescriptor
 .text.USBD_FS_ManufacturerStrDescriptor
                0x0000000008004c4c       0x1c ./USB_DEVICE/App/usbd_desc.o
                0x0000000008004c4c                USBD_FS_ManufacturerStrDescriptor
 .text.USBD_FS_ProductStrDescriptor
                0x0000000008004c68       0x1c ./USB_DEVICE/App/usbd_desc.o
                0x0000000008004c68                USBD_FS_ProductStrDescriptor
 .text.USBD_FS_ConfigStrDescriptor
                0x0000000008004c84       0x1c ./USB_DEVICE/App/usbd_desc.o
                0x0000000008004c84                USBD_FS_ConfigStrDescriptor
 .text.USBD_FS_InterfaceStrDescriptor
                0x0000000008004ca0       0x1c ./USB_DEVICE/App/usbd_desc.o
                0x0000000008004ca0                USBD_FS_InterfaceStrDescriptor
 .text.HAL_PCD_MspInit
                0x0000000008004cbc       0x9c ./USB_DEVICE/Target/usbd_conf.o
                0x0000000008004cbc                HAL_PCD_MspInit
 .text.HAL_PCD_SetupStageCallback
                0x0000000008004d58        0xc ./USB_DEVICE/Target/usbd_conf.o
                0x0000000008004d58                HAL_PCD_SetupStageCallback
 .text.HAL_PCD_DataOutStageCallback
                0x0000000008004d64       0x12 ./USB_DEVICE/Target/usbd_conf.o
                0x0000000008004d64                HAL_PCD_DataOutStageCallback
 .text.HAL_PCD_DataInStageCallback
                0x0000000008004d76       0x10 ./USB_DEVICE/Target/usbd_conf.o
                0x0000000008004d76                HAL_PCD_DataInStageCallback
 .text.HAL_PCD_SOFCallback
                0x0000000008004d86        0x8 ./USB_DEVICE/Target/usbd_conf.o
                0x0000000008004d86                HAL_PCD_SOFCallback
 .text.HAL_PCD_ResetCallback
                0x0000000008004d8e       0x24 ./USB_DEVICE/Target/usbd_conf.o
                0x0000000008004d8e                HAL_PCD_ResetCallback
 *fill*         0x0000000008004db2        0x2 
 .text.HAL_PCD_SuspendCallback
                0x0000000008004db4       0x20 ./USB_DEVICE/Target/usbd_conf.o
                0x0000000008004db4                HAL_PCD_SuspendCallback
 .text.HAL_PCD_ResumeCallback
                0x0000000008004dd4       0x28 ./USB_DEVICE/Target/usbd_conf.o
                0x0000000008004dd4                HAL_PCD_ResumeCallback
 .text.USBD_LL_Init
                0x0000000008004dfc       0x8c ./USB_DEVICE/Target/usbd_conf.o
                0x0000000008004dfc                USBD_LL_Init
 .text.USBD_LL_Start
                0x0000000008004e88       0x1c ./USB_DEVICE/Target/usbd_conf.o
                0x0000000008004e88                USBD_LL_Start
 .text.USBD_LL_OpenEP
                0x0000000008004ea4       0x20 ./USB_DEVICE/Target/usbd_conf.o
                0x0000000008004ea4                USBD_LL_OpenEP
 .text.USBD_LL_CloseEP
                0x0000000008004ec4       0x1c ./USB_DEVICE/Target/usbd_conf.o
                0x0000000008004ec4                USBD_LL_CloseEP
 .text.USBD_LL_StallEP
                0x0000000008004ee0       0x1c ./USB_DEVICE/Target/usbd_conf.o
                0x0000000008004ee0                USBD_LL_StallEP
 .text.USBD_LL_ClearStallEP
                0x0000000008004efc       0x1c ./USB_DEVICE/Target/usbd_conf.o
                0x0000000008004efc                USBD_LL_ClearStallEP
 .text.USBD_LL_IsStallEP
                0x0000000008004f18       0x26 ./USB_DEVICE/Target/usbd_conf.o
                0x0000000008004f18                USBD_LL_IsStallEP
 *fill*         0x0000000008004f3e        0x2 
 .text.USBD_LL_SetUSBAddress
                0x0000000008004f40       0x1c ./USB_DEVICE/Target/usbd_conf.o
                0x0000000008004f40                USBD_LL_SetUSBAddress
 .text.USBD_LL_Transmit
                0x0000000008004f5c       0x1c ./USB_DEVICE/Target/usbd_conf.o
                0x0000000008004f5c                USBD_LL_Transmit
 .text.USBD_LL_PrepareReceive
                0x0000000008004f78       0x1c ./USB_DEVICE/Target/usbd_conf.o
                0x0000000008004f78                USBD_LL_PrepareReceive
 .text.USBD_LL_GetRxDataSize
                0x0000000008004f94        0x8 ./USB_DEVICE/Target/usbd_conf.o
                0x0000000008004f94                USBD_LL_GetRxDataSize
 .text.HAL_PCDEx_LPM_Callback
                0x0000000008004f9c       0x48 ./USB_DEVICE/Target/usbd_conf.o
                0x0000000008004f9c                HAL_PCDEx_LPM_Callback
 .text.USBD_static_malloc
                0x0000000008004fe4        0x8 ./USB_DEVICE/Target/usbd_conf.o
                0x0000000008004fe4                USBD_static_malloc
 .text.USBD_static_free
                0x0000000008004fec        0x2 ./USB_DEVICE/Target/usbd_conf.o
                0x0000000008004fec                USBD_static_free
 *fill*         0x0000000008004fee        0x2 
 .text.std      0x0000000008004ff0       0x48 C:/ST/STM32CubeIDE_1.13.0/STM32CubeIDE/plugins/com.st.stm32cube.ide.mcu.externaltools.gnu-tools-for-stm32.11.3.rel1.win32_1.1.0.202305231506/tools/bin/../lib/gcc/arm-none-eabi/11.3.1/../../../../arm-none-eabi/lib/thumb/v7e-m+fp/hard\libc_nano.a(libc_a-findfp.o)
 .text.stdio_exit_handler
                0x0000000008005038       0x18 C:/ST/STM32CubeIDE_1.13.0/STM32CubeIDE/plugins/com.st.stm32cube.ide.mcu.externaltools.gnu-tools-for-stm32.11.3.rel1.win32_1.1.0.202305231506/tools/bin/../lib/gcc/arm-none-eabi/11.3.1/../../../../arm-none-eabi/lib/thumb/v7e-m+fp/hard\libc_nano.a(libc_a-findfp.o)
 .text.cleanup_stdio
                0x0000000008005050       0x40 C:/ST/STM32CubeIDE_1.13.0/STM32CubeIDE/plugins/com.st.stm32cube.ide.mcu.externaltools.gnu-tools-for-stm32.11.3.rel1.win32_1.1.0.202305231506/tools/bin/../lib/gcc/arm-none-eabi/11.3.1/../../../../arm-none-eabi/lib/thumb/v7e-m+fp/hard\libc_nano.a(libc_a-findfp.o)
 .text.global_stdio_init.part.0
                0x0000000008005090       0x3c C:/ST/STM32CubeIDE_1.13.0/STM32CubeIDE/plugins/com.st.stm32cube.ide.mcu.externaltools.gnu-tools-for-stm32.11.3.rel1.win32_1.1.0.202305231506/tools/bin/../lib/gcc/arm-none-eabi/11.3.1/../../../../arm-none-eabi/lib/thumb/v7e-m+fp/hard\libc_nano.a(libc_a-findfp.o)
 .text.__sfp_lock_acquire
                0x00000000080050cc        0xc C:/ST/STM32CubeIDE_1.13.0/STM32CubeIDE/plugins/com.st.stm32cube.ide.mcu.externaltools.gnu-tools-for-stm32.11.3.rel1.win32_1.1.0.202305231506/tools/bin/../lib/gcc/arm-none-eabi/11.3.1/../../../../arm-none-eabi/lib/thumb/v7e-m+fp/hard\libc_nano.a(libc_a-findfp.o)
                0x00000000080050cc                __sfp_lock_acquire
 .text.__sfp_lock_release
                0x00000000080050d8        0xc C:/ST/STM32CubeIDE_1.13.0/STM32CubeIDE/plugins/com.st.stm32cube.ide.mcu.externaltools.gnu-tools-for-stm32.11.3.rel1.win32_1.1.0.202305231506/tools/bin/../lib/gcc/arm-none-eabi/11.3.1/../../../../arm-none-eabi/lib/thumb/v7e-m+fp/hard\libc_nano.a(libc_a-findfp.o)
                0x00000000080050d8                __sfp_lock_release
 .text.__sinit  0x00000000080050e4       0x30 C:/ST/STM32CubeIDE_1.13.0/STM32CubeIDE/plugins/com.st.stm32cube.ide.mcu.externaltools.gnu-tools-for-stm32.11.3.rel1.win32_1.1.0.202305231506/tools/bin/../lib/gcc/arm-none-eabi/11.3.1/../../../../arm-none-eabi/lib/thumb/v7e-m+fp/hard\libc_nano.a(libc_a-findfp.o)
                0x00000000080050e4                __sinit
 .text._fwalk_sglue
                0x0000000008005114       0x3c C:/ST/STM32CubeIDE_1.13.0/STM32CubeIDE/plugins/com.st.stm32cube.ide.mcu.externaltools.gnu-tools-for-stm32.11.3.rel1.win32_1.1.0.202305231506/tools/bin/../lib/gcc/arm-none-eabi/11.3.1/../../../../arm-none-eabi/lib/thumb/v7e-m+fp/hard\libc_nano.a(libc_a-fwalk.o)
                0x0000000008005114                _fwalk_sglue
 .text.printf   0x0000000008005150       0x24 C:/ST/STM32CubeIDE_1.13.0/STM32CubeIDE/plugins/com.st.stm32cube.ide.mcu.externaltools.gnu-tools-for-stm32.11.3.rel1.win32_1.1.0.202305231506/tools/bin/../lib/gcc/arm-none-eabi/11.3.1/../../../../arm-none-eabi/lib/thumb/v7e-m+fp/hard\libc_nano.a(libc_a-printf.o)
                0x0000000008005150                iprintf
                0x0000000008005150                printf
 .text._puts_r  0x0000000008005174       0xa8 C:/ST/STM32CubeIDE_1.13.0/STM32CubeIDE/plugins/com.st.stm32cube.ide.mcu.externaltools.gnu-tools-for-stm32.11.3.rel1.win32_1.1.0.202305231506/tools/bin/../lib/gcc/arm-none-eabi/11.3.1/../../../../arm-none-eabi/lib/thumb/v7e-m+fp/hard\libc_nano.a(libc_a-puts.o)
                0x0000000008005174                _puts_r
 .text.puts     0x000000000800521c       0x10 C:/ST/STM32CubeIDE_1.13.0/STM32CubeIDE/plugins/com.st.stm32cube.ide.mcu.externaltools.gnu-tools-for-stm32.11.3.rel1.win32_1.1.0.202305231506/tools/bin/../lib/gcc/arm-none-eabi/11.3.1/../../../../arm-none-eabi/lib/thumb/v7e-m+fp/hard\libc_nano.a(libc_a-puts.o)
                0x000000000800521c                puts
 .text.__sread  0x000000000800522c       0x22 C:/ST/STM32CubeIDE_1.13.0/STM32CubeIDE/plugins/com.st.stm32cube.ide.mcu.externaltools.gnu-tools-for-stm32.11.3.rel1.win32_1.1.0.202305231506/tools/bin/../lib/gcc/arm-none-eabi/11.3.1/../../../../arm-none-eabi/lib/thumb/v7e-m+fp/hard\libc_nano.a(libc_a-stdio.o)
                0x000000000800522c                __sread
 .text.__swrite
                0x000000000800524e       0x38 C:/ST/STM32CubeIDE_1.13.0/STM32CubeIDE/plugins/com.st.stm32cube.ide.mcu.externaltools.gnu-tools-for-stm32.11.3.rel1.win32_1.1.0.202305231506/tools/bin/../lib/gcc/arm-none-eabi/11.3.1/../../../../arm-none-eabi/lib/thumb/v7e-m+fp/hard\libc_nano.a(libc_a-stdio.o)
                0x000000000800524e                __swrite
 .text.__sseek  0x0000000008005286       0x24 C:/ST/STM32CubeIDE_1.13.0/STM32CubeIDE/plugins/com.st.stm32cube.ide.mcu.externaltools.gnu-tools-for-stm32.11.3.rel1.win32_1.1.0.202305231506/tools/bin/../lib/gcc/arm-none-eabi/11.3.1/../../../../arm-none-eabi/lib/thumb/v7e-m+fp/hard\libc_nano.a(libc_a-stdio.o)
                0x0000000008005286                __sseek
 .text.__sclose
                0x00000000080052aa        0x8 C:/ST/STM32CubeIDE_1.13.0/STM32CubeIDE/plugins/com.st.stm32cube.ide.mcu.externaltools.gnu-tools-for-stm32.11.3.rel1.win32_1.1.0.202305231506/tools/bin/../lib/gcc/arm-none-eabi/11.3.1/../../../../arm-none-eabi/lib/thumb/v7e-m+fp/hard\libc_nano.a(libc_a-stdio.o)
                0x00000000080052aa                __sclose
 .text.__swbuf_r
                0x00000000080052b2       0x7a C:/ST/STM32CubeIDE_1.13.0/STM32CubeIDE/plugins/com.st.stm32cube.ide.mcu.externaltools.gnu-tools-for-stm32.11.3.rel1.win32_1.1.0.202305231506/tools/bin/../lib/gcc/arm-none-eabi/11.3.1/../../../../arm-none-eabi/lib/thumb/v7e-m+fp/hard\libc_nano.a(libc_a-wbuf.o)
                0x00000000080052b2                __swbuf_r
 .text.__swsetup_r
                0x000000000800532c       0xb0 C:/ST/STM32CubeIDE_1.13.0/STM32CubeIDE/plugins/com.st.stm32cube.ide.mcu.externaltools.gnu-tools-for-stm32.11.3.rel1.win32_1.1.0.202305231506/tools/bin/../lib/gcc/arm-none-eabi/11.3.1/../../../../arm-none-eabi/lib/thumb/v7e-m+fp/hard\libc_nano.a(libc_a-wsetup.o)
                0x000000000800532c                __swsetup_r
 .text.memset   0x00000000080053dc       0x10 C:/ST/STM32CubeIDE_1.13.0/STM32CubeIDE/plugins/com.st.stm32cube.ide.mcu.externaltools.gnu-tools-for-stm32.11.3.rel1.win32_1.1.0.202305231506/tools/bin/../lib/gcc/arm-none-eabi/11.3.1/../../../../arm-none-eabi/lib/thumb/v7e-m+fp/hard\libc_nano.a(libc_a-memset.o)
                0x00000000080053dc                memset
 .text._close_r
                0x00000000080053ec       0x20 C:/ST/STM32CubeIDE_1.13.0/STM32CubeIDE/plugins/com.st.stm32cube.ide.mcu.externaltools.gnu-tools-for-stm32.11.3.rel1.win32_1.1.0.202305231506/tools/bin/../lib/gcc/arm-none-eabi/11.3.1/../../../../arm-none-eabi/lib/thumb/v7e-m+fp/hard\libc_nano.a(libc_a-closer.o)
                0x00000000080053ec                _close_r
 .text._lseek_r
                0x000000000800540c       0x24 C:/ST/STM32CubeIDE_1.13.0/STM32CubeIDE/plugins/com.st.stm32cube.ide.mcu.externaltools.gnu-tools-for-stm32.11.3.rel1.win32_1.1.0.202305231506/tools/bin/../lib/gcc/arm-none-eabi/11.3.1/../../../../arm-none-eabi/lib/thumb/v7e-m+fp/hard\libc_nano.a(libc_a-lseekr.o)
                0x000000000800540c                _lseek_r
 .text._read_r  0x0000000008005430       0x24 C:/ST/STM32CubeIDE_1.13.0/STM32CubeIDE/plugins/com.st.stm32cube.ide.mcu.externaltools.gnu-tools-for-stm32.11.3.rel1.win32_1.1.0.202305231506/tools/bin/../lib/gcc/arm-none-eabi/11.3.1/../../../../arm-none-eabi/lib/thumb/v7e-m+fp/hard\libc_nano.a(libc_a-readr.o)
                0x0000000008005430                _read_r
 .text._write_r
                0x0000000008005454       0x24 C:/ST/STM32CubeIDE_1.13.0/STM32CubeIDE/plugins/com.st.stm32cube.ide.mcu.externaltools.gnu-tools-for-stm32.11.3.rel1.win32_1.1.0.202305231506/tools/bin/../lib/gcc/arm-none-eabi/11.3.1/../../../../arm-none-eabi/lib/thumb/v7e-m+fp/hard\libc_nano.a(libc_a-writer.o)
                0x0000000008005454                _write_r
 .text.__errno  0x0000000008005478        0xc C:/ST/STM32CubeIDE_1.13.0/STM32CubeIDE/plugins/com.st.stm32cube.ide.mcu.externaltools.gnu-tools-for-stm32.11.3.rel1.win32_1.1.0.202305231506/tools/bin/../lib/gcc/arm-none-eabi/11.3.1/../../../../arm-none-eabi/lib/thumb/v7e-m+fp/hard\libc_nano.a(libc_a-errno.o)
                0x0000000008005478                __errno
 .text.__libc_init_array
                0x0000000008005484       0x48 C:/ST/STM32CubeIDE_1.13.0/STM32CubeIDE/plugins/com.st.stm32cube.ide.mcu.externaltools.gnu-tools-for-stm32.11.3.rel1.win32_1.1.0.202305231506/tools/bin/../lib/gcc/arm-none-eabi/11.3.1/../../../../arm-none-eabi/lib/thumb/v7e-m+fp/hard\libc_nano.a(libc_a-init.o)
                0x0000000008005484                __libc_init_array
 .text.__retarget_lock_acquire_recursive
                0x00000000080054cc        0x2 C:/ST/STM32CubeIDE_1.13.0/STM32CubeIDE/plugins/com.st.stm32cube.ide.mcu.externaltools.gnu-tools-for-stm32.11.3.rel1.win32_1.1.0.202305231506/tools/bin/../lib/gcc/arm-none-eabi/11.3.1/../../../../arm-none-eabi/lib/thumb/v7e-m+fp/hard\libc_nano.a(libc_a-lock.o)
                0x00000000080054cc                __retarget_lock_acquire_recursive
 .text.__retarget_lock_release_recursive
                0x00000000080054ce        0x2 C:/ST/STM32CubeIDE_1.13.0/STM32CubeIDE/plugins/com.st.stm32cube.ide.mcu.externaltools.gnu-tools-for-stm32.11.3.rel1.win32_1.1.0.202305231506/tools/bin/../lib/gcc/arm-none-eabi/11.3.1/../../../../arm-none-eabi/lib/thumb/v7e-m+fp/hard\libc_nano.a(libc_a-lock.o)
                0x00000000080054ce                __retarget_lock_release_recursive
 .text._free_r  0x00000000080054d0       0x98 C:/ST/STM32CubeIDE_1.13.0/STM32CubeIDE/plugins/com.st.stm32cube.ide.mcu.externaltools.gnu-tools-for-stm32.11.3.rel1.win32_1.1.0.202305231506/tools/bin/../lib/gcc/arm-none-eabi/11.3.1/../../../../arm-none-eabi/lib/thumb/v7e-m+fp/hard\libc_nano.a(libc_a-freer.o)
                0x00000000080054d0                _free_r
 .text.sbrk_aligned
                0x0000000008005568       0x40 C:/ST/STM32CubeIDE_1.13.0/STM32CubeIDE/plugins/com.st.stm32cube.ide.mcu.externaltools.gnu-tools-for-stm32.11.3.rel1.win32_1.1.0.202305231506/tools/bin/../lib/gcc/arm-none-eabi/11.3.1/../../../../arm-none-eabi/lib/thumb/v7e-m+fp/hard\libc_nano.a(libc_a-mallocr.o)
 .text._malloc_r
                0x00000000080055a8      0x100 C:/ST/STM32CubeIDE_1.13.0/STM32CubeIDE/plugins/com.st.stm32cube.ide.mcu.externaltools.gnu-tools-for-stm32.11.3.rel1.win32_1.1.0.202305231506/tools/bin/../lib/gcc/arm-none-eabi/11.3.1/../../../../arm-none-eabi/lib/thumb/v7e-m+fp/hard\libc_nano.a(libc_a-mallocr.o)
                0x00000000080055a8                _malloc_r
 .text.__malloc_lock
                0x00000000080056a8        0xc C:/ST/STM32CubeIDE_1.13.0/STM32CubeIDE/plugins/com.st.stm32cube.ide.mcu.externaltools.gnu-tools-for-stm32.11.3.rel1.win32_1.1.0.202305231506/tools/bin/../lib/gcc/arm-none-eabi/11.3.1/../../../../arm-none-eabi/lib/thumb/v7e-m+fp/hard\libc_nano.a(libc_a-mlock.o)
                0x00000000080056a8                __malloc_lock
 .text.__malloc_unlock
                0x00000000080056b4        0xc C:/ST/STM32CubeIDE_1.13.0/STM32CubeIDE/plugins/com.st.stm32cube.ide.mcu.externaltools.gnu-tools-for-stm32.11.3.rel1.win32_1.1.0.202305231506/tools/bin/../lib/gcc/arm-none-eabi/11.3.1/../../../../arm-none-eabi/lib/thumb/v7e-m+fp/hard\libc_nano.a(libc_a-mlock.o)
                0x00000000080056b4                __malloc_unlock
 .text.__sfputc_r
                0x00000000080056c0       0x2e C:/ST/STM32CubeIDE_1.13.0/STM32CubeIDE/plugins/com.st.stm32cube.ide.mcu.externaltools.gnu-tools-for-stm32.11.3.rel1.win32_1.1.0.202305231506/tools/bin/../lib/gcc/arm-none-eabi/11.3.1/../../../../arm-none-eabi/lib/thumb/v7e-m+fp/hard\libc_nano.a(libc_a-nano-vfprintf.o)
 .text.__sfputs_r
                0x00000000080056ee       0x24 C:/ST/STM32CubeIDE_1.13.0/STM32CubeIDE/plugins/com.st.stm32cube.ide.mcu.externaltools.gnu-tools-for-stm32.11.3.rel1.win32_1.1.0.202305231506/tools/bin/../lib/gcc/arm-none-eabi/11.3.1/../../../../arm-none-eabi/lib/thumb/v7e-m+fp/hard\libc_nano.a(libc_a-nano-vfprintf.o)
                0x00000000080056ee                __sfputs_r
 *fill*         0x0000000008005712        0x2 
 .text._vfprintf_r
                0x0000000008005714      0x234 C:/ST/STM32CubeIDE_1.13.0/STM32CubeIDE/plugins/com.st.stm32cube.ide.mcu.externaltools.gnu-tools-for-stm32.11.3.rel1.win32_1.1.0.202305231506/tools/bin/../lib/gcc/arm-none-eabi/11.3.1/../../../../arm-none-eabi/lib/thumb/v7e-m+fp/hard\libc_nano.a(libc_a-nano-vfprintf.o)
                0x0000000008005714                _vfprintf_r
                0x0000000008005714                _vfiprintf_r
 .text._printf_common
                0x0000000008005948       0xda C:/ST/STM32CubeIDE_1.13.0/STM32CubeIDE/plugins/com.st.stm32cube.ide.mcu.externaltools.gnu-tools-for-stm32.11.3.rel1.win32_1.1.0.202305231506/tools/bin/../lib/gcc/arm-none-eabi/11.3.1/../../../../arm-none-eabi/lib/thumb/v7e-m+fp/hard\libc_nano.a(libc_a-nano-vfprintf_i.o)
                0x0000000008005948                _printf_common
 *fill*         0x0000000008005a22        0x2 
 .text._printf_i
                0x0000000008005a24      0x244 C:/ST/STM32CubeIDE_1.13.0/STM32CubeIDE/plugins/com.st.stm32cube.ide.mcu.externaltools.gnu-tools-for-stm32.11.3.rel1.win32_1.1.0.202305231506/tools/bin/../lib/gcc/arm-none-eabi/11.3.1/../../../../arm-none-eabi/lib/thumb/v7e-m+fp/hard\libc_nano.a(libc_a-nano-vfprintf_i.o)
                0x0000000008005a24                _printf_i
 .text.__sflush_r
                0x0000000008005c68      0x10c C:/ST/STM32CubeIDE_1.13.0/STM32CubeIDE/plugins/com.st.stm32cube.ide.mcu.externaltools.gnu-tools-for-stm32.11.3.rel1.win32_1.1.0.202305231506/tools/bin/../lib/gcc/arm-none-eabi/11.3.1/../../../../arm-none-eabi/lib/thumb/v7e-m+fp/hard\libc_nano.a(libc_a-fflush.o)
                0x0000000008005c68                __sflush_r
 .text._fflush_r
                0x0000000008005d74       0x50 C:/ST/STM32CubeIDE_1.13.0/STM32CubeIDE/plugins/com.st.stm32cube.ide.mcu.externaltools.gnu-tools-for-stm32.11.3.rel1.win32_1.1.0.202305231506/tools/bin/../lib/gcc/arm-none-eabi/11.3.1/../../../../arm-none-eabi/lib/thumb/v7e-m+fp/hard\libc_nano.a(libc_a-fflush.o)
                0x0000000008005d74                _fflush_r
 .text.__swhatbuf_r
                0x0000000008005dc4       0x4c C:/ST/STM32CubeIDE_1.13.0/STM32CubeIDE/plugins/com.st.stm32cube.ide.mcu.externaltools.gnu-tools-for-stm32.11.3.rel1.win32_1.1.0.202305231506/tools/bin/../lib/gcc/arm-none-eabi/11.3.1/../../../../arm-none-eabi/lib/thumb/v7e-m+fp/hard\libc_nano.a(libc_a-makebuf.o)
                0x0000000008005dc4                __swhatbuf_r
 .text.__smakebuf_r
                0x0000000008005e10       0x78 C:/ST/STM32CubeIDE_1.13.0/STM32CubeIDE/plugins/com.st.stm32cube.ide.mcu.externaltools.gnu-tools-for-stm32.11.3.rel1.win32_1.1.0.202305231506/tools/bin/../lib/gcc/arm-none-eabi/11.3.1/../../../../arm-none-eabi/lib/thumb/v7e-m+fp/hard\libc_nano.a(libc_a-makebuf.o)
                0x0000000008005e10                __smakebuf_r
 .text._fstat_r
                0x0000000008005e88       0x24 C:/ST/STM32CubeIDE_1.13.0/STM32CubeIDE/plugins/com.st.stm32cube.ide.mcu.externaltools.gnu-tools-for-stm32.11.3.rel1.win32_1.1.0.202305231506/tools/bin/../lib/gcc/arm-none-eabi/11.3.1/../../../../arm-none-eabi/lib/thumb/v7e-m+fp/hard\libc_nano.a(libc_a-fstatr.o)
                0x0000000008005e88                _fstat_r
 .text._isatty_r
                0x0000000008005eac       0x20 C:/ST/STM32CubeIDE_1.13.0/STM32CubeIDE/plugins/com.st.stm32cube.ide.mcu.externaltools.gnu-tools-for-stm32.11.3.rel1.win32_1.1.0.202305231506/tools/bin/../lib/gcc/arm-none-eabi/11.3.1/../../../../arm-none-eabi/lib/thumb/v7e-m+fp/hard\libc_nano.a(libc_a-isattyr.o)
                0x0000000008005eac                _isatty_r
 .text._sbrk_r  0x0000000008005ecc       0x20 C:/ST/STM32CubeIDE_1.13.0/STM32CubeIDE/plugins/com.st.stm32cube.ide.mcu.externaltools.gnu-tools-for-stm32.11.3.rel1.win32_1.1.0.202305231506/tools/bin/../lib/gcc/arm-none-eabi/11.3.1/../../../../arm-none-eabi/lib/thumb/v7e-m+fp/hard\libc_nano.a(libc_a-sbrkr.o)
                0x0000000008005ecc                _sbrk_r
 *(.glue_7)
 .glue_7        0x0000000008005eec        0x0 linker stubs
 *(.glue_7t)
 .glue_7t       0x0000000008005eec        0x0 linker stubs
 *(.eh_frame)
 .eh_frame      0x0000000008005eec        0x0 C:/ST/STM32CubeIDE_1.13.0/STM32CubeIDE/plugins/com.st.stm32cube.ide.mcu.externaltools.gnu-tools-for-stm32.11.3.rel1.win32_1.1.0.202305231506/tools/bin/../lib/gcc/arm-none-eabi/11.3.1/thumb/v7e-m+fp/hard/crtbegin.o
 *(.init)
 .init          0x0000000008005eec        0x4 C:/ST/STM32CubeIDE_1.13.0/STM32CubeIDE/plugins/com.st.stm32cube.ide.mcu.externaltools.gnu-tools-for-stm32.11.3.rel1.win32_1.1.0.202305231506/tools/bin/../lib/gcc/arm-none-eabi/11.3.1/thumb/v7e-m+fp/hard/crti.o
                0x0000000008005eec                _init
 .init          0x0000000008005ef0        0x8 C:/ST/STM32CubeIDE_1.13.0/STM32CubeIDE/plugins/com.st.stm32cube.ide.mcu.externaltools.gnu-tools-for-stm32.11.3.rel1.win32_1.1.0.202305231506/tools/bin/../lib/gcc/arm-none-eabi/11.3.1/thumb/v7e-m+fp/hard/crtn.o
 *(.fini)
 .fini          0x0000000008005ef8        0x4 C:/ST/STM32CubeIDE_1.13.0/STM32CubeIDE/plugins/com.st.stm32cube.ide.mcu.externaltools.gnu-tools-for-stm32.11.3.rel1.win32_1.1.0.202305231506/tools/bin/../lib/gcc/arm-none-eabi/11.3.1/thumb/v7e-m+fp/hard/crti.o
                0x0000000008005ef8                _fini
 .fini          0x0000000008005efc        0x8 C:/ST/STM32CubeIDE_1.13.0/STM32CubeIDE/plugins/com.st.stm32cube.ide.mcu.externaltools.gnu-tools-for-stm32.11.3.rel1.win32_1.1.0.202305231506/tools/bin/../lib/gcc/arm-none-eabi/11.3.1/thumb/v7e-m+fp/hard/crtn.o
                0x0000000008005f04                . = ALIGN (0x4)
                0x0000000008005f04                _etext = .

.vfp11_veneer   0x0000000008005f04        0x0
 .vfp11_veneer  0x0000000008005f04        0x0 linker stubs

.v4_bx          0x0000000008005f04        0x0
 .v4_bx         0x0000000008005f04        0x0 linker stubs

.iplt           0x0000000008005f04        0x0
 .iplt          0x0000000008005f04        0x0 C:/ST/STM32CubeIDE_1.13.0/STM32CubeIDE/plugins/com.st.stm32cube.ide.mcu.externaltools.gnu-tools-for-stm32.11.3.rel1.win32_1.1.0.202305231506/tools/bin/../lib/gcc/arm-none-eabi/11.3.1/thumb/v7e-m+fp/hard/crtbegin.o

.rodata         0x0000000008005f04      0x19c
                0x0000000008005f04                . = ALIGN (0x4)
 *(.rodata)
 *(.rodata*)
 .rodata.icm20948_who_am_i.str1.1
                0x0000000008005f04       0x70 ./Core/Src/icm20948.o
 .rodata.ak09916_who_am_i.str1.1
                0x0000000008005f74       0x70 ./Core/Src/icm20948.o
 .rodata.AHBPrescTable
                0x0000000008005fe4       0x10 ./Core/Src/system_stm32l4xx.o
                0x0000000008005fe4                AHBPrescTable
 .rodata.MSIRangeTable
                0x0000000008005ff4       0x30 ./Core/Src/system_stm32l4xx.o
                0x0000000008005ff4                MSIRangeTable
 .rodata.USBD_FS_ManufacturerStrDescriptor.str1.1
                0x0000000008006024       0x13 ./USB_DEVICE/App/usbd_desc.o
 .rodata.USBD_FS_ProductStrDescriptor.str1.1
                0x0000000008006037       0x16 ./USB_DEVICE/App/usbd_desc.o
 .rodata.USBD_FS_ConfigStrDescriptor.str1.1
                0x000000000800604d        0xb ./USB_DEVICE/App/usbd_desc.o
 .rodata.USBD_FS_InterfaceStrDescriptor.str1.1
                0x0000000008006058        0xe ./USB_DEVICE/App/usbd_desc.o
 .rodata.CSWTCH.19
                0x0000000008006066        0x4 ./USB_DEVICE/Target/usbd_conf.o
 .rodata._vfprintf_r.str1.1
                0x000000000800606a       0x11 C:/ST/STM32CubeIDE_1.13.0/STM32CubeIDE/plugins/com.st.stm32cube.ide.mcu.externaltools.gnu-tools-for-stm32.11.3.rel1.win32_1.1.0.202305231506/tools/bin/../lib/gcc/arm-none-eabi/11.3.1/../../../../arm-none-eabi/lib/thumb/v7e-m+fp/hard\libc_nano.a(libc_a-nano-vfprintf.o)
 .rodata._printf_i.str1.1
                0x000000000800607b       0x22 C:/ST/STM32CubeIDE_1.13.0/STM32CubeIDE/plugins/com.st.stm32cube.ide.mcu.externaltools.gnu-tools-for-stm32.11.3.rel1.win32_1.1.0.202305231506/tools/bin/../lib/gcc/arm-none-eabi/11.3.1/../../../../arm-none-eabi/lib/thumb/v7e-m+fp/hard\libc_nano.a(libc_a-nano-vfprintf_i.o)
                0x00000000080060a0                . = ALIGN (0x4)
 *fill*         0x000000000800609d        0x3 

.rel.dyn        0x00000000080060a0        0x0
 .rel.iplt      0x00000000080060a0        0x0 C:/ST/STM32CubeIDE_1.13.0/STM32CubeIDE/plugins/com.st.stm32cube.ide.mcu.externaltools.gnu-tools-for-stm32.11.3.rel1.win32_1.1.0.202305231506/tools/bin/../lib/gcc/arm-none-eabi/11.3.1/thumb/v7e-m+fp/hard/crtbegin.o

.ARM.extab      0x00000000080060a0        0x0
                0x00000000080060a0                . = ALIGN (0x4)
 *(.ARM.extab* .gnu.linkonce.armextab.*)
                0x00000000080060a0                . = ALIGN (0x4)

.ARM            0x00000000080060a0        0x0
                0x00000000080060a0                . = ALIGN (0x4)
                0x00000000080060a0                __exidx_start = .
 *(.ARM.exidx*)
                0x00000000080060a0                __exidx_end = .
                0x00000000080060a0                . = ALIGN (0x4)

.preinit_array  0x00000000080060a0        0x0
                0x00000000080060a0                . = ALIGN (0x4)
                0x00000000080060a0                PROVIDE (__preinit_array_start = .)
 *(.preinit_array*)
                0x00000000080060a0                PROVIDE (__preinit_array_end = .)
                0x00000000080060a0                . = ALIGN (0x4)

.init_array     0x00000000080060a0        0x4
                0x00000000080060a0                . = ALIGN (0x4)
                0x00000000080060a0                PROVIDE (__init_array_start = .)
 *(SORT_BY_NAME(.init_array.*))
 *(.init_array*)
 .init_array    0x00000000080060a0        0x4 C:/ST/STM32CubeIDE_1.13.0/STM32CubeIDE/plugins/com.st.stm32cube.ide.mcu.externaltools.gnu-tools-for-stm32.11.3.rel1.win32_1.1.0.202305231506/tools/bin/../lib/gcc/arm-none-eabi/11.3.1/thumb/v7e-m+fp/hard/crtbegin.o
                0x00000000080060a4                PROVIDE (__init_array_end = .)
                0x00000000080060a4                . = ALIGN (0x4)

.fini_array     0x00000000080060a4        0x4
                0x00000000080060a4                . = ALIGN (0x4)
                [!provide]                        PROVIDE (__fini_array_start = .)
 *(SORT_BY_NAME(.fini_array.*))
 *(.fini_array*)
 .fini_array    0x00000000080060a4        0x4 C:/ST/STM32CubeIDE_1.13.0/STM32CubeIDE/plugins/com.st.stm32cube.ide.mcu.externaltools.gnu-tools-for-stm32.11.3.rel1.win32_1.1.0.202305231506/tools/bin/../lib/gcc/arm-none-eabi/11.3.1/thumb/v7e-m+fp/hard/crtbegin.o
                [!provide]                        PROVIDE (__fini_array_end = .)
                0x00000000080060a8                . = ALIGN (0x4)
                0x00000000080060a8                _sidata = LOADADDR (.data)

.data           0x0000000020000000      0x1b0 load address 0x00000000080060a8
                0x0000000020000000                . = ALIGN (0x4)
                0x0000000020000000                _sdata = .
 *(.data)
 *(.data*)
 .data.buffer1  0x0000000020000000       0x19 ./Core/Src/main.o
                0x0000000020000000                buffer1
 .data.buffer2  0x0000000020000019       0x19 ./Core/Src/main.o
                0x0000000020000019                buffer2
 .data.buffer3  0x0000000020000032       0x19 ./Core/Src/main.o
                0x0000000020000032                buffer3
 *fill*         0x000000002000004b        0x1 
 .data.SystemCoreClock
                0x000000002000004c        0x4 ./Core/Src/system_stm32l4xx.o
                0x000000002000004c                SystemCoreClock
 .data.uwTickFreq
                0x0000000020000050        0x1 ./Drivers/STM32L4xx_HAL_Driver/Src/stm32l4xx_hal.o
                0x0000000020000050                uwTickFreq
 *fill*         0x0000000020000051        0x3 
 .data.uwTickPrio
                0x0000000020000054        0x4 ./Drivers/STM32L4xx_HAL_Driver/Src/stm32l4xx_hal.o
                0x0000000020000054                uwTickPrio
 .data.USBD_CDC
                0x0000000020000058       0x38 ./Middlewares/ST/STM32_USB_Device_Library/Class/CDC/Src/usbd_cdc.o
                0x0000000020000058                USBD_CDC
 .data.USBD_CDC_CfgDesc
                0x0000000020000090       0x43 ./Middlewares/ST/STM32_USB_Device_Library/Class/CDC/Src/usbd_cdc.o
 *fill*         0x00000000200000d3        0x1 
 .data.USBD_CDC_DeviceQualifierDesc
                0x00000000200000d4        0xa ./Middlewares/ST/STM32_USB_Device_Library/Class/CDC/Src/usbd_cdc.o
 *fill*         0x00000000200000de        0x2 
 .data.USBD_Interface_fops_FS
                0x00000000200000e0       0x14 ./USB_DEVICE/App/usbd_cdc_if.o
                0x00000000200000e0                USBD_Interface_fops_FS
 .data.FS_Desc  0x00000000200000f4       0x20 ./USB_DEVICE/App/usbd_desc.o
                0x00000000200000f4                FS_Desc
 .data.USBD_FS_BOSDesc
                0x0000000020000114        0xc ./USB_DEVICE/App/usbd_desc.o
                0x0000000020000114                USBD_FS_BOSDesc
 .data.USBD_FS_DeviceDesc
                0x0000000020000120       0x12 ./USB_DEVICE/App/usbd_desc.o
                0x0000000020000120                USBD_FS_DeviceDesc
 *fill*         0x0000000020000132        0x2 
 .data.USBD_LangIDDesc
                0x0000000020000134        0x4 ./USB_DEVICE/App/usbd_desc.o
                0x0000000020000134                USBD_LangIDDesc
 .data.USBD_StringSerial
                0x0000000020000138       0x1a ./USB_DEVICE/App/usbd_desc.o
                0x0000000020000138                USBD_StringSerial
 *fill*         0x0000000020000152        0x2 
 .data.__sglue  0x0000000020000154        0xc C:/ST/STM32CubeIDE_1.13.0/STM32CubeIDE/plugins/com.st.stm32cube.ide.mcu.externaltools.gnu-tools-for-stm32.11.3.rel1.win32_1.1.0.202305231506/tools/bin/../lib/gcc/arm-none-eabi/11.3.1/../../../../arm-none-eabi/lib/thumb/v7e-m+fp/hard\libc_nano.a(libc_a-findfp.o)
                0x0000000020000154                __sglue
 .data._impure_data
                0x0000000020000160       0x4c C:/ST/STM32CubeIDE_1.13.0/STM32CubeIDE/plugins/com.st.stm32cube.ide.mcu.externaltools.gnu-tools-for-stm32.11.3.rel1.win32_1.1.0.202305231506/tools/bin/../lib/gcc/arm-none-eabi/11.3.1/../../../../arm-none-eabi/lib/thumb/v7e-m+fp/hard\libc_nano.a(libc_a-impure.o)
                0x0000000020000160                _impure_data
 .data._impure_ptr
                0x00000000200001ac        0x4 C:/ST/STM32CubeIDE_1.13.0/STM32CubeIDE/plugins/com.st.stm32cube.ide.mcu.externaltools.gnu-tools-for-stm32.11.3.rel1.win32_1.1.0.202305231506/tools/bin/../lib/gcc/arm-none-eabi/11.3.1/../../../../arm-none-eabi/lib/thumb/v7e-m+fp/hard\libc_nano.a(libc_a-impure.o)
                0x00000000200001ac                _impure_ptr
 *(.RamFunc)
 *(.RamFunc*)
                0x00000000200001b0                . = ALIGN (0x4)
                0x00000000200001b0                _edata = .

.igot.plt       0x00000000200001b0        0x0 load address 0x0000000008006258
 .igot.plt      0x00000000200001b0        0x0 C:/ST/STM32CubeIDE_1.13.0/STM32CubeIDE/plugins/com.st.stm32cube.ide.mcu.externaltools.gnu-tools-for-stm32.11.3.rel1.win32_1.1.0.202305231506/tools/bin/../lib/gcc/arm-none-eabi/11.3.1/thumb/v7e-m+fp/hard/crtbegin.o
                0x00000000200001b0                . = ALIGN (0x4)

.bss            0x00000000200001b0     0x1440 load address 0x0000000008006258
                0x00000000200001b0                _sbss = .
                0x00000000200001b0                __bss_start__ = _sbss
 *(.bss)
 .bss           0x00000000200001b0       0x1c C:/ST/STM32CubeIDE_1.13.0/STM32CubeIDE/plugins/com.st.stm32cube.ide.mcu.externaltools.gnu-tools-for-stm32.11.3.rel1.win32_1.1.0.202305231506/tools/bin/../lib/gcc/arm-none-eabi/11.3.1/thumb/v7e-m+fp/hard/crtbegin.o
 *(.bss*)
 .bss.hi2c1     0x00000000200001cc       0x54 ./Core/Src/i2c.o
                0x00000000200001cc                hi2c1
 .bss.accel_scale_factor
                0x0000000020000220        0x4 ./Core/Src/icm20948.o
 .bss.gyro_scale_factor
                0x0000000020000224        0x4 ./Core/Src/icm20948.o
 .bss.reg_val.0
                0x0000000020000228        0x6 ./Core/Src/icm20948.o
 *fill*         0x000000002000022e        0x2 
 .bss.Flag      0x0000000020000230        0x4 ./Core/Src/main.o
                0x0000000020000230                Flag
 .bss.usbd_ch   0x0000000020000234        0x1 ./Core/Src/main.o
                0x0000000020000234                usbd_ch
 *fill*         0x0000000020000235        0x3 
 .bss.hspi1     0x0000000020000238       0x64 ./Core/Src/spi.o
                0x0000000020000238                hspi1
 .bss.__sbrk_heap_end
                0x000000002000029c        0x4 ./Core/Src/sysmem.o
 .bss.uwTick    0x00000000200002a0        0x4 ./Drivers/STM32L4xx_HAL_Driver/Src/stm32l4xx_hal.o
                0x00000000200002a0                uwTick
 .bss.cfgidx.0  0x00000000200002a4        0x1 ./Middlewares/ST/STM32_USB_Device_Library/Core/Src/usbd_ctlreq.o
 *fill*         0x00000000200002a5        0x3 
 .bss.hUsbDeviceFS
                0x00000000200002a8      0x2dc ./USB_DEVICE/App/usb_device.o
                0x00000000200002a8                hUsbDeviceFS
 .bss.Buffer    0x0000000020000584        0x7 ./USB_DEVICE/App/usbd_cdc_if.o
                0x0000000020000584                Buffer
 .bss.UserRxBufferFS
                0x000000002000058b      0x400 ./USB_DEVICE/App/usbd_cdc_if.o
                0x000000002000058b                UserRxBufferFS
 .bss.UserTxBufferFS
                0x000000002000098b      0x400 ./USB_DEVICE/App/usbd_cdc_if.o
                0x000000002000098b                UserTxBufferFS
 *fill*         0x0000000020000d8b        0x1 
 .bss.USBD_StrDesc
                0x0000000020000d8c      0x200 ./USB_DEVICE/App/usbd_desc.o
                0x0000000020000d8c                USBD_StrDesc
 .bss.hpcd_USB_FS
                0x0000000020000f8c      0x2f8 ./USB_DEVICE/Target/usbd_conf.o
                0x0000000020000f8c                hpcd_USB_FS
 .bss.mem.0     0x0000000020001284      0x220 ./USB_DEVICE/Target/usbd_conf.o
 .bss.__sf      0x00000000200014a4      0x138 C:/ST/STM32CubeIDE_1.13.0/STM32CubeIDE/plugins/com.st.stm32cube.ide.mcu.externaltools.gnu-tools-for-stm32.11.3.rel1.win32_1.1.0.202305231506/tools/bin/../lib/gcc/arm-none-eabi/11.3.1/../../../../arm-none-eabi/lib/thumb/v7e-m+fp/hard\libc_nano.a(libc_a-findfp.o)
                0x00000000200014a4                __sf
 .bss.__stdio_exit_handler
                0x00000000200015dc        0x4 C:/ST/STM32CubeIDE_1.13.0/STM32CubeIDE/plugins/com.st.stm32cube.ide.mcu.externaltools.gnu-tools-for-stm32.11.3.rel1.win32_1.1.0.202305231506/tools/bin/../lib/gcc/arm-none-eabi/11.3.1/../../../../arm-none-eabi/lib/thumb/v7e-m+fp/hard\libc_nano.a(libc_a-findfp.o)
                0x00000000200015dc                __stdio_exit_handler
 .bss.errno     0x00000000200015e0        0x4 C:/ST/STM32CubeIDE_1.13.0/STM32CubeIDE/plugins/com.st.stm32cube.ide.mcu.externaltools.gnu-tools-for-stm32.11.3.rel1.win32_1.1.0.202305231506/tools/bin/../lib/gcc/arm-none-eabi/11.3.1/../../../../arm-none-eabi/lib/thumb/v7e-m+fp/hard\libc_nano.a(libc_a-reent.o)
                0x00000000200015e0                errno
 .bss.__lock___malloc_recursive_mutex
                0x00000000200015e4        0x1 C:/ST/STM32CubeIDE_1.13.0/STM32CubeIDE/plugins/com.st.stm32cube.ide.mcu.externaltools.gnu-tools-for-stm32.11.3.rel1.win32_1.1.0.202305231506/tools/bin/../lib/gcc/arm-none-eabi/11.3.1/../../../../arm-none-eabi/lib/thumb/v7e-m+fp/hard\libc_nano.a(libc_a-lock.o)
                0x00000000200015e4                __lock___malloc_recursive_mutex
 .bss.__lock___sfp_recursive_mutex
                0x00000000200015e5        0x1 C:/ST/STM32CubeIDE_1.13.0/STM32CubeIDE/plugins/com.st.stm32cube.ide.mcu.externaltools.gnu-tools-for-stm32.11.3.rel1.win32_1.1.0.202305231506/tools/bin/../lib/gcc/arm-none-eabi/11.3.1/../../../../arm-none-eabi/lib/thumb/v7e-m+fp/hard\libc_nano.a(libc_a-lock.o)
                0x00000000200015e5                __lock___sfp_recursive_mutex
 *fill*         0x00000000200015e6        0x2 
 .bss.__malloc_free_list
                0x00000000200015e8        0x4 C:/ST/STM32CubeIDE_1.13.0/STM32CubeIDE/plugins/com.st.stm32cube.ide.mcu.externaltools.gnu-tools-for-stm32.11.3.rel1.win32_1.1.0.202305231506/tools/bin/../lib/gcc/arm-none-eabi/11.3.1/../../../../arm-none-eabi/lib/thumb/v7e-m+fp/hard\libc_nano.a(libc_a-mallocr.o)
                0x00000000200015e8                __malloc_free_list
 .bss.__malloc_sbrk_start
                0x00000000200015ec        0x4 C:/ST/STM32CubeIDE_1.13.0/STM32CubeIDE/plugins/com.st.stm32cube.ide.mcu.externaltools.gnu-tools-for-stm32.11.3.rel1.win32_1.1.0.202305231506/tools/bin/../lib/gcc/arm-none-eabi/11.3.1/../../../../arm-none-eabi/lib/thumb/v7e-m+fp/hard\libc_nano.a(libc_a-mallocr.o)
                0x00000000200015ec                __malloc_sbrk_start
 *(COMMON)
                0x00000000200015f0                . = ALIGN (0x4)
                0x00000000200015f0                _ebss = .
                0x00000000200015f0                __bss_end__ = _ebss

._user_heap_stack
                0x00000000200015f0      0x600 load address 0x0000000008006258
                0x00000000200015f0                . = ALIGN (0x8)
                [!provide]                        PROVIDE (end = .)
                0x00000000200015f0                PROVIDE (_end = .)
                0x00000000200017f0                . = (. + _Min_Heap_Size)
 *fill*         0x00000000200015f0      0x200 
                0x0000000020001bf0                . = (. + _Min_Stack_Size)
 *fill*         0x00000000200017f0      0x400 
                0x0000000020001bf0                . = ALIGN (0x8)

/DISCARD/
 libc.a(*)
 libm.a(*)
 libgcc.a(*)

.ARM.attributes
                0x0000000000000000       0x30
 *(.ARM.attributes)
 .ARM.attributes
                0x0000000000000000       0x1e C:/ST/STM32CubeIDE_1.13.0/STM32CubeIDE/plugins/com.st.stm32cube.ide.mcu.externaltools.gnu-tools-for-stm32.11.3.rel1.win32_1.1.0.202305231506/tools/bin/../lib/gcc/arm-none-eabi/11.3.1/thumb/v7e-m+fp/hard/crti.o
 .ARM.attributes
                0x000000000000001e       0x34 C:/ST/STM32CubeIDE_1.13.0/STM32CubeIDE/plugins/com.st.stm32cube.ide.mcu.externaltools.gnu-tools-for-stm32.11.3.rel1.win32_1.1.0.202305231506/tools/bin/../lib/gcc/arm-none-eabi/11.3.1/thumb/v7e-m+fp/hard/crtbegin.o
 .ARM.attributes
                0x0000000000000052       0x34 ./Core/Src/gpio.o
 .ARM.attributes
                0x0000000000000086       0x34 ./Core/Src/i2c.o
 .ARM.attributes
                0x00000000000000ba       0x34 ./Core/Src/icm20948.o
 .ARM.attributes
                0x00000000000000ee       0x34 ./Core/Src/main.o
 .ARM.attributes
                0x0000000000000122       0x34 ./Core/Src/spi.o
 .ARM.attributes
                0x0000000000000156       0x34 ./Core/Src/stm32l4xx_hal_msp.o
 .ARM.attributes
                0x000000000000018a       0x34 ./Core/Src/stm32l4xx_it.o
 .ARM.attributes
                0x00000000000001be       0x34 ./Core/Src/syscalls.o
 .ARM.attributes
                0x00000000000001f2       0x34 ./Core/Src/sysmem.o
 .ARM.attributes
                0x0000000000000226       0x34 ./Core/Src/system_stm32l4xx.o
 .ARM.attributes
                0x000000000000025a       0x21 ./Core/Startup/startup_stm32l412rbtxp.o
 .ARM.attributes
                0x000000000000027b       0x34 ./Drivers/STM32L4xx_HAL_Driver/Src/stm32l4xx_hal.o
 .ARM.attributes
                0x00000000000002af       0x34 ./Drivers/STM32L4xx_HAL_Driver/Src/stm32l4xx_hal_cortex.o
 .ARM.attributes
                0x00000000000002e3       0x34 ./Drivers/STM32L4xx_HAL_Driver/Src/stm32l4xx_hal_gpio.o
 .ARM.attributes
                0x0000000000000317       0x34 ./Drivers/STM32L4xx_HAL_Driver/Src/stm32l4xx_hal_i2c.o
 .ARM.attributes
                0x000000000000034b       0x34 ./Drivers/STM32L4xx_HAL_Driver/Src/stm32l4xx_hal_i2c_ex.o
 .ARM.attributes
                0x000000000000037f       0x34 ./Drivers/STM32L4xx_HAL_Driver/Src/stm32l4xx_hal_pcd.o
 .ARM.attributes
                0x00000000000003b3       0x34 ./Drivers/STM32L4xx_HAL_Driver/Src/stm32l4xx_hal_pcd_ex.o
 .ARM.attributes
                0x00000000000003e7       0x34 ./Drivers/STM32L4xx_HAL_Driver/Src/stm32l4xx_hal_pwr_ex.o
 .ARM.attributes
                0x000000000000041b       0x34 ./Drivers/STM32L4xx_HAL_Driver/Src/stm32l4xx_hal_rcc.o
 .ARM.attributes
                0x000000000000044f       0x34 ./Drivers/STM32L4xx_HAL_Driver/Src/stm32l4xx_hal_rcc_ex.o
 .ARM.attributes
                0x0000000000000483       0x34 ./Drivers/STM32L4xx_HAL_Driver/Src/stm32l4xx_hal_spi.o
 .ARM.attributes
                0x00000000000004b7       0x34 ./Drivers/STM32L4xx_HAL_Driver/Src/stm32l4xx_ll_usb.o
 .ARM.attributes
                0x00000000000004eb       0x34 ./Middlewares/ST/STM32_USB_Device_Library/Class/CDC/Src/usbd_cdc.o
 .ARM.attributes
                0x000000000000051f       0x34 ./Middlewares/ST/STM32_USB_Device_Library/Core/Src/usbd_core.o
 .ARM.attributes
                0x0000000000000553       0x34 ./Middlewares/ST/STM32_USB_Device_Library/Core/Src/usbd_ctlreq.o
 .ARM.attributes
                0x0000000000000587       0x34 ./Middlewares/ST/STM32_USB_Device_Library/Core/Src/usbd_ioreq.o
 .ARM.attributes
                0x00000000000005bb       0x34 ./USB_DEVICE/App/usb_device.o
 .ARM.attributes
                0x00000000000005ef       0x34 ./USB_DEVICE/App/usbd_cdc_if.o
 .ARM.attributes
                0x0000000000000623       0x34 ./USB_DEVICE/App/usbd_desc.o
 .ARM.attributes
                0x0000000000000657       0x34 ./USB_DEVICE/Target/usbd_conf.o
 .ARM.attributes
                0x000000000000068b       0x34 C:/ST/STM32CubeIDE_1.13.0/STM32CubeIDE/plugins/com.st.stm32cube.ide.mcu.externaltools.gnu-tools-for-stm32.11.3.rel1.win32_1.1.0.202305231506/tools/bin/../lib/gcc/arm-none-eabi/11.3.1/../../../../arm-none-eabi/lib/thumb/v7e-m+fp/hard\libc_nano.a(libc_a-findfp.o)
 .ARM.attributes
                0x00000000000006bf       0x34 C:/ST/STM32CubeIDE_1.13.0/STM32CubeIDE/plugins/com.st.stm32cube.ide.mcu.externaltools.gnu-tools-for-stm32.11.3.rel1.win32_1.1.0.202305231506/tools/bin/../lib/gcc/arm-none-eabi/11.3.1/../../../../arm-none-eabi/lib/thumb/v7e-m+fp/hard\libc_nano.a(libc_a-fwalk.o)
 .ARM.attributes
                0x00000000000006f3       0x34 C:/ST/STM32CubeIDE_1.13.0/STM32CubeIDE/plugins/com.st.stm32cube.ide.mcu.externaltools.gnu-tools-for-stm32.11.3.rel1.win32_1.1.0.202305231506/tools/bin/../lib/gcc/arm-none-eabi/11.3.1/../../../../arm-none-eabi/lib/thumb/v7e-m+fp/hard\libc_nano.a(libc_a-printf.o)
 .ARM.attributes
                0x0000000000000727       0x34 C:/ST/STM32CubeIDE_1.13.0/STM32CubeIDE/plugins/com.st.stm32cube.ide.mcu.externaltools.gnu-tools-for-stm32.11.3.rel1.win32_1.1.0.202305231506/tools/bin/../lib/gcc/arm-none-eabi/11.3.1/../../../../arm-none-eabi/lib/thumb/v7e-m+fp/hard\libc_nano.a(libc_a-puts.o)
 .ARM.attributes
                0x000000000000075b       0x34 C:/ST/STM32CubeIDE_1.13.0/STM32CubeIDE/plugins/com.st.stm32cube.ide.mcu.externaltools.gnu-tools-for-stm32.11.3.rel1.win32_1.1.0.202305231506/tools/bin/../lib/gcc/arm-none-eabi/11.3.1/../../../../arm-none-eabi/lib/thumb/v7e-m+fp/hard\libc_nano.a(libc_a-stdio.o)
 .ARM.attributes
                0x000000000000078f       0x34 C:/ST/STM32CubeIDE_1.13.0/STM32CubeIDE/plugins/com.st.stm32cube.ide.mcu.externaltools.gnu-tools-for-stm32.11.3.rel1.win32_1.1.0.202305231506/tools/bin/../lib/gcc/arm-none-eabi/11.3.1/../../../../arm-none-eabi/lib/thumb/v7e-m+fp/hard\libc_nano.a(libc_a-wbuf.o)
 .ARM.attributes
                0x00000000000007c3       0x34 C:/ST/STM32CubeIDE_1.13.0/STM32CubeIDE/plugins/com.st.stm32cube.ide.mcu.externaltools.gnu-tools-for-stm32.11.3.rel1.win32_1.1.0.202305231506/tools/bin/../lib/gcc/arm-none-eabi/11.3.1/../../../../arm-none-eabi/lib/thumb/v7e-m+fp/hard\libc_nano.a(libc_a-wsetup.o)
 .ARM.attributes
                0x00000000000007f7       0x34 C:/ST/STM32CubeIDE_1.13.0/STM32CubeIDE/plugins/com.st.stm32cube.ide.mcu.externaltools.gnu-tools-for-stm32.11.3.rel1.win32_1.1.0.202305231506/tools/bin/../lib/gcc/arm-none-eabi/11.3.1/../../../../arm-none-eabi/lib/thumb/v7e-m+fp/hard\libc_nano.a(libc_a-memset.o)
 .ARM.attributes
                0x000000000000082b       0x34 C:/ST/STM32CubeIDE_1.13.0/STM32CubeIDE/plugins/com.st.stm32cube.ide.mcu.externaltools.gnu-tools-for-stm32.11.3.rel1.win32_1.1.0.202305231506/tools/bin/../lib/gcc/arm-none-eabi/11.3.1/../../../../arm-none-eabi/lib/thumb/v7e-m+fp/hard\libc_nano.a(libc_a-closer.o)
 .ARM.attributes
                0x000000000000085f       0x34 C:/ST/STM32CubeIDE_1.13.0/STM32CubeIDE/plugins/com.st.stm32cube.ide.mcu.externaltools.gnu-tools-for-stm32.11.3.rel1.win32_1.1.0.202305231506/tools/bin/../lib/gcc/arm-none-eabi/11.3.1/../../../../arm-none-eabi/lib/thumb/v7e-m+fp/hard\libc_nano.a(libc_a-reent.o)
 .ARM.attributes
                0x0000000000000893       0x34 C:/ST/STM32CubeIDE_1.13.0/STM32CubeIDE/plugins/com.st.stm32cube.ide.mcu.externaltools.gnu-tools-for-stm32.11.3.rel1.win32_1.1.0.202305231506/tools/bin/../lib/gcc/arm-none-eabi/11.3.1/../../../../arm-none-eabi/lib/thumb/v7e-m+fp/hard\libc_nano.a(libc_a-impure.o)
 .ARM.attributes
                0x00000000000008c7       0x34 C:/ST/STM32CubeIDE_1.13.0/STM32CubeIDE/plugins/com.st.stm32cube.ide.mcu.externaltools.gnu-tools-for-stm32.11.3.rel1.win32_1.1.0.202305231506/tools/bin/../lib/gcc/arm-none-eabi/11.3.1/../../../../arm-none-eabi/lib/thumb/v7e-m+fp/hard\libc_nano.a(libc_a-lseekr.o)
 .ARM.attributes
                0x00000000000008fb       0x34 C:/ST/STM32CubeIDE_1.13.0/STM32CubeIDE/plugins/com.st.stm32cube.ide.mcu.externaltools.gnu-tools-for-stm32.11.3.rel1.win32_1.1.0.202305231506/tools/bin/../lib/gcc/arm-none-eabi/11.3.1/../../../../arm-none-eabi/lib/thumb/v7e-m+fp/hard\libc_nano.a(libc_a-readr.o)
 .ARM.attributes
                0x000000000000092f       0x34 C:/ST/STM32CubeIDE_1.13.0/STM32CubeIDE/plugins/com.st.stm32cube.ide.mcu.externaltools.gnu-tools-for-stm32.11.3.rel1.win32_1.1.0.202305231506/tools/bin/../lib/gcc/arm-none-eabi/11.3.1/../../../../arm-none-eabi/lib/thumb/v7e-m+fp/hard\libc_nano.a(libc_a-writer.o)
 .ARM.attributes
                0x0000000000000963       0x34 C:/ST/STM32CubeIDE_1.13.0/STM32CubeIDE/plugins/com.st.stm32cube.ide.mcu.externaltools.gnu-tools-for-stm32.11.3.rel1.win32_1.1.0.202305231506/tools/bin/../lib/gcc/arm-none-eabi/11.3.1/../../../../arm-none-eabi/lib/thumb/v7e-m+fp/hard\libc_nano.a(libc_a-errno.o)
 .ARM.attributes
                0x0000000000000997       0x34 C:/ST/STM32CubeIDE_1.13.0/STM32CubeIDE/plugins/com.st.stm32cube.ide.mcu.externaltools.gnu-tools-for-stm32.11.3.rel1.win32_1.1.0.202305231506/tools/bin/../lib/gcc/arm-none-eabi/11.3.1/../../../../arm-none-eabi/lib/thumb/v7e-m+fp/hard\libc_nano.a(libc_a-init.o)
 .ARM.attributes
                0x00000000000009cb       0x34 C:/ST/STM32CubeIDE_1.13.0/STM32CubeIDE/plugins/com.st.stm32cube.ide.mcu.externaltools.gnu-tools-for-stm32.11.3.rel1.win32_1.1.0.202305231506/tools/bin/../lib/gcc/arm-none-eabi/11.3.1/../../../../arm-none-eabi/lib/thumb/v7e-m+fp/hard\libc_nano.a(libc_a-lock.o)
 .ARM.attributes
                0x00000000000009ff       0x17 C:/ST/STM32CubeIDE_1.13.0/STM32CubeIDE/plugins/com.st.stm32cube.ide.mcu.externaltools.gnu-tools-for-stm32.11.3.rel1.win32_1.1.0.202305231506/tools/bin/../lib/gcc/arm-none-eabi/11.3.1/../../../../arm-none-eabi/lib/thumb/v7e-m+fp/hard\libc_nano.a(libc_a-strlen.o)
 .ARM.attributes
                0x0000000000000a16       0x34 C:/ST/STM32CubeIDE_1.13.0/STM32CubeIDE/plugins/com.st.stm32cube.ide.mcu.externaltools.gnu-tools-for-stm32.11.3.rel1.win32_1.1.0.202305231506/tools/bin/../lib/gcc/arm-none-eabi/11.3.1/../../../../arm-none-eabi/lib/thumb/v7e-m+fp/hard\libc_nano.a(libc_a-freer.o)
 .ARM.attributes
                0x0000000000000a4a       0x34 C:/ST/STM32CubeIDE_1.13.0/STM32CubeIDE/plugins/com.st.stm32cube.ide.mcu.externaltools.gnu-tools-for-stm32.11.3.rel1.win32_1.1.0.202305231506/tools/bin/../lib/gcc/arm-none-eabi/11.3.1/../../../../arm-none-eabi/lib/thumb/v7e-m+fp/hard\libc_nano.a(libc_a-mallocr.o)
 .ARM.attributes
                0x0000000000000a7e       0x34 C:/ST/STM32CubeIDE_1.13.0/STM32CubeIDE/plugins/com.st.stm32cube.ide.mcu.externaltools.gnu-tools-for-stm32.11.3.rel1.win32_1.1.0.202305231506/tools/bin/../lib/gcc/arm-none-eabi/11.3.1/../../../../arm-none-eabi/lib/thumb/v7e-m+fp/hard\libc_nano.a(libc_a-mlock.o)
 .ARM.attributes
                0x0000000000000ab2       0x34 C:/ST/STM32CubeIDE_1.13.0/STM32CubeIDE/plugins/com.st.stm32cube.ide.mcu.externaltools.gnu-tools-for-stm32.11.3.rel1.win32_1.1.0.202305231506/tools/bin/../lib/gcc/arm-none-eabi/11.3.1/../../../../arm-none-eabi/lib/thumb/v7e-m+fp/hard\libc_nano.a(libc_a-nano-vfprintf.o)
 .ARM.attributes
                0x0000000000000ae6       0x34 C:/ST/STM32CubeIDE_1.13.0/STM32CubeIDE/plugins/com.st.stm32cube.ide.mcu.externaltools.gnu-tools-for-stm32.11.3.rel1.win32_1.1.0.202305231506/tools/bin/../lib/gcc/arm-none-eabi/11.3.1/../../../../arm-none-eabi/lib/thumb/v7e-m+fp/hard\libc_nano.a(libc_a-nano-vfprintf_i.o)
 .ARM.attributes
                0x0000000000000b1a       0x34 C:/ST/STM32CubeIDE_1.13.0/STM32CubeIDE/plugins/com.st.stm32cube.ide.mcu.externaltools.gnu-tools-for-stm32.11.3.rel1.win32_1.1.0.202305231506/tools/bin/../lib/gcc/arm-none-eabi/11.3.1/../../../../arm-none-eabi/lib/thumb/v7e-m+fp/hard\libc_nano.a(libc_a-fflush.o)
 .ARM.attributes
                0x0000000000000b4e       0x34 C:/ST/STM32CubeIDE_1.13.0/STM32CubeIDE/plugins/com.st.stm32cube.ide.mcu.externaltools.gnu-tools-for-stm32.11.3.rel1.win32_1.1.0.202305231506/tools/bin/../lib/gcc/arm-none-eabi/11.3.1/../../../../arm-none-eabi/lib/thumb/v7e-m+fp/hard\libc_nano.a(libc_a-makebuf.o)
 .ARM.attributes
                0x0000000000000b82       0x34 C:/ST/STM32CubeIDE_1.13.0/STM32CubeIDE/plugins/com.st.stm32cube.ide.mcu.externaltools.gnu-tools-for-stm32.11.3.rel1.win32_1.1.0.202305231506/tools/bin/../lib/gcc/arm-none-eabi/11.3.1/../../../../arm-none-eabi/lib/thumb/v7e-m+fp/hard\libc_nano.a(libc_a-fstatr.o)
 .ARM.attributes
                0x0000000000000bb6       0x34 C:/ST/STM32CubeIDE_1.13.0/STM32CubeIDE/plugins/com.st.stm32cube.ide.mcu.externaltools.gnu-tools-for-stm32.11.3.rel1.win32_1.1.0.202305231506/tools/bin/../lib/gcc/arm-none-eabi/11.3.1/../../../../arm-none-eabi/lib/thumb/v7e-m+fp/hard\libc_nano.a(libc_a-isattyr.o)
 .ARM.attributes