../Core/Src/icm20948.c:511:13:cs_low	0	static
../Core/Src/icm20948.c:506:13:cs_high	0	static
../Core/Src/icm20948.c:516:13:select_user_bank	16	static
../Core/Src/icm20948.c:554:17:read_multiple_icm20948_reg	24	static
../Core/Src/icm20948.c:541:13:write_single_icm20948_reg	16	static
../Core/Src/icm20948.c:527:16:read_single_icm20948_reg	16	static
../Core/Src/icm20948.c:568:13:write_multiple_icm20948_reg	24	static
../Core/Src/icm20948.c:579:16:read_single_ak09916_reg	8	static
../Core/Src/icm20948.c:589:13:write_single_ak09916_reg	16	static
../Core/Src/icm20948.c:67:6:icm20948_gyro_read	8	static
../Core/Src/icm20948.c:76:6:icm20948_accel_read	8	static
../Core/Src/icm20948.c:86:6:ak09916_mag_read	16	static
../Core/Src/icm20948.c:113:6:icm20948_gyro_read_dps	8	static
../Core/Src/icm20948.c:122:6:icm20948_accel_read_g	8	static
../Core/Src/icm20948.c:131:6:ak09916_mag_read_uT	64	static
../Core/Src/icm20948.c:149:9:read_all_data	120	static
../Core/Src/icm20948.c:208:6:icm20948_who_am_i	8	static
../Core/Src/icm20948.c:222:6:ak09916_who_am_i	8	static
../Core/Src/icm20948.c:238:6:icm20948_device_reset	8	static
../Core/Src/icm20948.c:244:6:ak09916_lp_config	8	static
../Core/Src/icm20948.c:254:6:ak09916_soft_reset	8	static
../Core/Src/icm20948.c:260:6:icm20948_wakeup	8	static
../Core/Src/icm20948.c:269:6:icm20948_sleep	8	static
../Core/Src/icm20948.c:278:6:icm20948_spi_slave_enable	8	static
../Core/Src/icm20948.c:286:6:icm20948_i2c_master_reset	8	static
../Core/Src/icm20948.c:294:6:icm20948_i2c_master_enable	8	static
../Core/Src/icm20948.c:303:6:icm20948_i2c_master_clk_frq	8	static
../Core/Src/icm20948.c:311:6:icm20948_clock_source	8	static
../Core/Src/icm20948.c:319:6:icm20948_odr_align_enable	0	static
../Core/Src/icm20948.c:324:6:icm20948_gyro_low_pass_filter	8	static
../Core/Src/icm20948.c:332:6:icm20948_accel_low_pass_filter	8	static
../Core/Src/icm20948.c:340:6:icm20948_gyro_sample_rate_divider	0	static
../Core/Src/icm20948.c:345:6:icm20948_accel_sample_rate_divider	8	static
../Core/Src/icm20948.c:354:6:ak09916_operation_mode_setting	8	static
../Core/Src/icm20948.c:50:6:ak09916_init	8	static
../Core/Src/icm20948.c:360:6:icm20948_gyro_calibration	48	static
../Core/Src/icm20948.c:392:6:icm20948_accel_calibration	64	static
../Core/Src/icm20948.c:450:6:icm20948_gyro_full_scale_select	8	static
../Core/Src/icm20948.c:477:6:icm20948_accel_full_scale_select	8	static
../Core/Src/icm20948.c:25:6:icm20948_init	8	static
